Component: ARM Compiler 5.06 update 6 (build 750) Tool: armlink [4d35ed]

==============================================================================

Section Cross References

    startup_stm32f407xx.o(STACK) refers (Special) to heapauxi.o(.text) for __use_two_region_memory
    startup_stm32f407xx.o(HEAP) refers (Special) to heapauxi.o(.text) for __use_two_region_memory
    startup_stm32f407xx.o(RESET) refers (Special) to heapauxi.o(.text) for __use_two_region_memory
    startup_stm32f407xx.o(RESET) refers to startup_stm32f407xx.o(STACK) for __initial_sp
    startup_stm32f407xx.o(RESET) refers to startup_stm32f407xx.o(.text) for Reset_Handler
    startup_stm32f407xx.o(RESET) refers to stm32f4xx_it.o(i.NMI_Handler) for NMI_Handler
    startup_stm32f407xx.o(RESET) refers to stm32f4xx_it.o(i.HardFault_Handler) for HardFault_Handler
    startup_stm32f407xx.o(RESET) refers to stm32f4xx_it.o(i.MemManage_Handler) for MemManage_Handler
    startup_stm32f407xx.o(RESET) refers to stm32f4xx_it.o(i.BusFault_Handler) for BusFault_Handler
    startup_stm32f407xx.o(RESET) refers to stm32f4xx_it.o(i.UsageFault_Handler) for UsageFault_Handler
    startup_stm32f407xx.o(RESET) refers to stm32f4xx_it.o(i.SVC_Handler) for SVC_Handler
    startup_stm32f407xx.o(RESET) refers to stm32f4xx_it.o(i.DebugMon_Handler) for DebugMon_Handler
    startup_stm32f407xx.o(RESET) refers to stm32f4xx_it.o(i.PendSV_Handler) for PendSV_Handler
    startup_stm32f407xx.o(RESET) refers to stm32f4xx_it.o(i.SysTick_Handler) for SysTick_Handler
    startup_stm32f407xx.o(RESET) refers to stm32f4xx_it.o(i.EXTI1_IRQHandler) for EXTI1_IRQHandler
    startup_stm32f407xx.o(RESET) refers to stm32f4xx_it.o(i.EXTI2_IRQHandler) for EXTI2_IRQHandler
    startup_stm32f407xx.o(RESET) refers to stm32f4xx_it.o(i.DMA1_Stream5_IRQHandler) for DMA1_Stream5_IRQHandler
    startup_stm32f407xx.o(RESET) refers to stm32f4xx_it.o(i.TIM3_IRQHandler) for TIM3_IRQHandler
    startup_stm32f407xx.o(RESET) refers to stm32f4xx_it.o(i.USART1_IRQHandler) for USART1_IRQHandler
    startup_stm32f407xx.o(RESET) refers to stm32f4xx_it.o(i.USART3_IRQHandler) for USART3_IRQHandler
    startup_stm32f407xx.o(RESET) refers to stm32f4xx_it.o(i.DMA2_Stream2_IRQHandler) for DMA2_Stream2_IRQHandler
    startup_stm32f407xx.o(.text) refers (Special) to heapauxi.o(.text) for __use_two_region_memory
    startup_stm32f407xx.o(.text) refers to system_stm32f4xx.o(i.SystemInit) for SystemInit
    startup_stm32f407xx.o(.text) refers to __main.o(!!!main) for __main
    startup_stm32f407xx.o(.text) refers to startup_stm32f407xx.o(HEAP) for Heap_Mem
    startup_stm32f407xx.o(.text) refers to startup_stm32f407xx.o(STACK) for Stack_Mem
    main.o(i.SystemClock_Config) refers to rt_memclr_w.o(.text) for __aeabi_memclr4
    main.o(i.SystemClock_Config) refers to stm32f4xx_hal_rcc.o(i.HAL_RCC_OscConfig) for HAL_RCC_OscConfig
    main.o(i.SystemClock_Config) refers to stm32f4xx_hal_rcc.o(i.HAL_RCC_ClockConfig) for HAL_RCC_ClockConfig
    main.o(i.main) refers to stm32f4xx_hal.o(i.HAL_Init) for HAL_Init
    main.o(i.main) refers to main.o(i.SystemClock_Config) for SystemClock_Config
    main.o(i.main) refers to stm32f4xx_hal.o(i.HAL_Delay) for HAL_Delay
    main.o(i.main) refers to gpio.o(i.MX_GPIO_Init) for MX_GPIO_Init
    main.o(i.main) refers to dma.o(i.MX_DMA_Init) for MX_DMA_Init
    main.o(i.main) refers to tim.o(i.MX_TIM1_Init) for MX_TIM1_Init
    main.o(i.main) refers to tim.o(i.MX_TIM3_Init) for MX_TIM3_Init
    main.o(i.main) refers to tim.o(i.MX_TIM4_Init) for MX_TIM4_Init
    main.o(i.main) refers to spi.o(i.MX_SPI1_Init) for MX_SPI1_Init
    main.o(i.main) refers to spi.o(i.MX_SPI2_Init) for MX_SPI2_Init
    main.o(i.main) refers to spi.o(i.MX_SPI3_Init) for MX_SPI3_Init
    main.o(i.main) refers to tim.o(i.MX_TIM2_Init) for MX_TIM2_Init
    main.o(i.main) refers to tim.o(i.MX_TIM5_Init) for MX_TIM5_Init
    main.o(i.main) refers to tim.o(i.MX_TIM9_Init) for MX_TIM9_Init
    main.o(i.main) refers to tim.o(i.MX_TIM10_Init) for MX_TIM10_Init
    main.o(i.main) refers to usart.o(i.MX_USART1_UART_Init) for MX_USART1_UART_Init
    main.o(i.main) refers to usart.o(i.MX_USART3_UART_Init) for MX_USART3_UART_Init
    main.o(i.main) refers to tim.o(i.MX_TIM7_Init) for MX_TIM7_Init
    main.o(i.main) refers to iwdg.o(i.MX_IWDG_Init) for MX_IWDG_Init
    main.o(i.main) refers to maintask.o(i.MainTaskInit) for MainTaskInit
    main.o(i.main) refers to maintask.o(i.MainTask) for MainTask
    gpio.o(i.MX_GPIO_Init) refers to rt_memclr_w.o(.text) for __aeabi_memclr4
    gpio.o(i.MX_GPIO_Init) refers to stm32f4xx_hal_gpio.o(i.HAL_GPIO_WritePin) for HAL_GPIO_WritePin
    gpio.o(i.MX_GPIO_Init) refers to stm32f4xx_hal_gpio.o(i.HAL_GPIO_Init) for HAL_GPIO_Init
    gpio.o(i.MX_GPIO_Init) refers to stm32f4xx_hal_cortex.o(i.HAL_NVIC_SetPriority) for HAL_NVIC_SetPriority
    gpio.o(i.MX_GPIO_Init) refers to stm32f4xx_hal_cortex.o(i.HAL_NVIC_EnableIRQ) for HAL_NVIC_EnableIRQ
[...]
    __main                                   0x08000189   Thumb Code     8  __main.o(!!!main)
    __scatterload                            0x08000191   Thumb Code     0  __scatter.o(!!!scatter)
    __scatterload_rt2                        0x08000191   Thumb Code    44  __scatter.o(!!!scatter)
    __scatterload_rt2_thumb_only             0x08000191   Thumb Code     0  __scatter.o(!!!scatter)
    __scatterload_null                       0x0800019f   Thumb Code     0  __scatter.o(!!!scatter)
    __decompress                             0x080001c5   Thumb Code    90  __dczerorl2.o(!!dczerorl2)
    __decompress1                            0x080001c5   Thumb Code     0  __dczerorl2.o(!!dczerorl2)
    __scatterload_zeroinit                   0x08000221   Thumb Code    28  __scatter_zi.o(!!handler_zi)
    __rt_lib_init                            0x0800023d   Thumb Code     0  libinit.o(.ARM.Collect$$libinit$$00000000)
    __rt_lib_init_fp_1                       0x0800023f   Thumb Code     0  libinit2.o(.ARM.Collect$$libinit$$00000001)
    __rt_lib_init_alloca_1                   0x08000243   Thumb Code     0  libinit2.o(.ARM.Collect$$libinit$$0000002E)
    __rt_lib_init_argv_1                     0x08000243   Thumb Code     0  libinit2.o(.ARM.Collect$$libinit$$0000002C)
    __rt_lib_init_atexit_1                   0x08000243   Thumb Code     0  libinit2.o(.ARM.Collect$$libinit$$0000001B)
    __rt_lib_init_clock_1                    0x08000243   Thumb Code     0  libinit2.o(.ARM.Collect$$libinit$$00000021)
    __rt_lib_init_cpp_1                      0x08000243   Thumb Code     0  libinit2.o(.ARM.Collect$$libinit$$00000032)
    __rt_lib_init_exceptions_1               0x08000243   Thumb Code     0  libinit2.o(.ARM.Collect$$libinit$$00000030)
    __rt_lib_init_fp_trap_1                  0x08000243   Thumb Code     0  libinit2.o(.ARM.Collect$$libinit$$0000001F)
    __rt_lib_init_getenv_1                   0x08000243   Thumb Code     0  libinit2.o(.ARM.Collect$$libinit$$00000023)
    __rt_lib_init_heap_1                     0x08000243   Thumb Code     0  libinit2.o(.ARM.Collect$$libinit$$0000000A)
    __rt_lib_init_lc_collate_1               0x08000243   Thumb Code     0  libinit2.o(.ARM.Collect$$libinit$$00000011)
    __rt_lib_init_lc_ctype_1                 0x08000243   Thumb Code     0  libinit2.o(.ARM.Collect$$libinit$$00000013)
    __rt_lib_init_lc_monetary_1              0x08000243   Thumb Code     0  libinit2.o(.ARM.Collect$$libinit$$00000015)
    __rt_lib_init_lc_numeric_1               0x08000243   Thumb Code     0  libinit2.o(.ARM.Collect$$libinit$$00000017)
    __rt_lib_init_lc_time_1                  0x08000243   Thumb Code     0  libinit2.o(.ARM.Collect$$libinit$$00000019)
    __rt_lib_init_preinit_1                  0x08000243   Thumb Code     0  libinit2.o(.ARM.Collect$$libinit$$00000004)
    __rt_lib_init_rand_1                     0x08000243   Thumb Code     0  libinit2.o(.ARM.Collect$$libinit$$0000000E)
    __rt_lib_init_return                     0x08000243   Thumb Code     0  libinit2.o(.ARM.Collect$$libinit$$00000033)
    __rt_lib_init_signal_1                   0x08000243   Thumb Code     0  libinit2.o(.ARM.Collect$$libinit$$0000001D)
    __rt_lib_init_stdio_1                    0x08000243   Thumb Code     0  libinit2.o(.ARM.Collect$$libinit$$00000025)
    __rt_lib_init_user_alloc_1               0x08000243   Thumb Code     0  libinit2.o(.ARM.Collect$$libinit$$0000000C)
    __rt_lib_shutdown                        0x08000245   Thumb Code     0  libshutdown.o(.ARM.Collect$$libshutdown$$00000000)
    __rt_lib_shutdown_cpp_1                  0x08000247   Thumb Code     0  libshutdown2.o(.ARM.Collect$$libshutdown$$00000002)
    __rt_lib_shutdown_fp_trap_1              0x08000247   Thumb Code     0  libshutdown2.o(.ARM.Collect$$libshutdown$$00000007)
    __rt_lib_shutdown_heap_1                 0x08000247   Thumb Code     0  libshutdown2.o(.ARM.Collect$$libshutdown$$0000000F)
    __rt_lib_shutdown_return                 0x08000247   Thumb Code     0  libshutdown2.o(.ARM.Collect$$libshutdown$$00000010)
    __rt_lib_shutdown_signal_1               0x08000247   Thumb Code     0  libshutdown2.o(.ARM.Collect$$libshutdown$$0000000A)
    __rt_lib_shutdown_stdio_1                0x08000247   Thumb Code     0  libshutdown2.o(.ARM.Collect$$libshutdown$$00000004)
    __rt_lib_shutdown_user_alloc_1           0x08000247   Thumb Code     0  libshutdown2.o(.ARM.Collect$$libshutdown$$0000000C)
    __rt_entry                               0x08000249   Thumb Code     0  __rtentry.o(.ARM.Collect$$rtentry$$00000000)
    __rt_entry_presh_1                       0x08000249   Thumb Code     0  __rtentry2.o(.ARM.Collect$$rtentry$$00000002)
    __rt_entry_sh                            0x08000249   Thumb Code     0  __rtentry4.o(.ARM.Collect$$rtentry$$00000004)
    __rt_entry_li                            0x0800024f   Thumb Code     0  __rtentry2.o(.ARM.Collect$$rtentry$$0000000A)
    __rt_entry_postsh_1                      0x0800024f   Thumb Code     0  __rtentry2.o(.ARM.Collect$$rtentry$$00000009)
    __rt_entry_main                          0x08000253   Thumb Code     0  __rtentry2.o(.ARM.Collect$$rtentry$$0000000D)
    __rt_entry_postli_1                      0x08000253   Thumb Code     0  __rtentry2.o(.ARM.Collect$$rtentry$$0000000C)
    __rt_exit                                0x0800025b   Thumb Code     0  rtexit.o(.ARM.Collect$$rtexit$$00000000)
    __rt_exit_ls                             0x0800025d   Thumb Code     0  rtexit2.o(.ARM.Collect$$rtexit$$00000003)
    __rt_exit_prels_1                        0x0800025d   Thumb Code     0  rtexit2.o(.ARM.Collect$$rtexit$$00000002)
    __rt_exit_exit                           0x08000261   Thumb Code     0  rtexit2.o(.ARM.Collect$$rtexit$$00000004)
    Reset_Handler                            0x08000269   Thumb Code     8  startup_stm32f407xx.o(.text)
    ADC_IRQHandler                           0x08000283   Thumb Code     0  startup_stm32f407xx.o(.text)
    CAN1_RX0_IRQHandler                      0x08000283   Thumb Code     0  startup_stm32f407xx.o(.text)
    CAN1_RX1_IRQHandler                      0x08000283   Thumb Code     0  startup_stm32f407xx.o(.text)
    CAN1_SCE_IRQHandler                      0x08000283   Thumb Code     0  startup_stm32f407xx.o(.text)
    CAN1_TX_IRQHandler                       0x08000283   Thumb Code     0  startup_stm32f407xx.o(.text)
    CAN2_RX0_IRQHandler                      0x08000283   Thumb Code     0  startup_stm32f407xx.o(.text)
    CAN2_RX1_IRQHandler                      0x08000283   Thumb Code     0  startup_stm32f407xx.o(.text)
    CAN2_SCE_IRQHandler                      0x08000283   Thumb Code     0  startup_stm32f407xx.o(.text)
    CAN2_TX_IRQHandler                       0x08000283   Thumb Code     0  startup_stm32f407xx.o(.text)
    DCMI_IRQHandler                          0x08000283   Thumb Code     0  startup_stm32f407xx.o(.text)
    DMA1_Stream0_IRQHandler                  0x08000283   Thumb Code     0  startup_stm32f407xx.o(.text)
    DMA1_Stream1_IRQHandler                  0x08000283   Thumb Code     0  startup_stm32f407xx.o(.text)
    DMA1_Stream2_IRQHandler                  0x08000283   Thumb Code     0  startup_stm32f407xx.o(.text)
    DMA1_Stream3_IRQHandler                  0x08000283   Thumb Code     0  startup_stm32f407xx.o(.text)
    DMA1_Stream4_IRQHandler                  0x08000283   Thumb Code     0  startup_stm32f407xx.o(.text)
    DMA1_Stream6_IRQHandler                  0x08000283   Thumb Code     0  startup_stm32f407xx.o(.text)
    DMA1_Stream7_IRQHandler                  0x08000283   Thumb Code     0  startup_stm32f407xx.o(.text)
    DMA2_Stream0_IRQHandler                  0x08000283   Thumb Code     0  startup_stm32f407xx.o(.text)
    DMA2_Stream1_IRQHandler                  0x08000283   Thumb Code     0  startup_stm32f407xx.o(.text)
    DMA2_Stream3_IRQHandler                  0x08000283   Thumb Code     0  startup_stm32f407xx.o(.text)
    DMA2_Stream4_IRQHandler                  0x08000283   Thumb Code     0  startup_stm32f407xx.o(.text)
    DMA2_Stream5_IRQHandler                  0x08000283   Thumb Code     0  startup_stm32f407xx.o(.text)
    DMA2_Stream6_IRQHandler                  0x08000283   Thumb Code     0  startup_stm32f407xx.o(.text)
    DMA2_Stream7_IRQHandler                  0x08000283   Thumb Code     0  startup_stm32f407xx.o(.text)
    ETH_IRQHandler                           0x08000283   Thumb Code     0  startup_stm32f407xx.o(.text)
    ETH_WKUP_IRQHandler                      0x08000283   Thumb Code     0  startup_stm32f407xx.o(.text)
    EXTI0_IRQHandler                         0x08000283   Thumb Code     0  startup_stm32f407xx.o(.text)
    EXTI15_10_IRQHandler                     0x08000283   Thumb Code     0  startup_stm32f407xx.o(.text)
    EXTI3_IRQHandler                         0x08000283   Thumb Code     0  startup_stm32f407xx.o(.text)
    EXTI4_IRQHandler                         0x08000283   Thumb Code     0  startup_stm32f407xx.o(.text)
    EXTI9_5_IRQHandler                       0x08000283   Thumb Code     0  startup_stm32f407xx.o(.text)
    FLASH_IRQHandler                         0x08000283   Thumb Code     0  startup_stm32f407xx.o(.text)
    FMC_IRQHandler                           0x08000283   Thumb Code     0  startup_stm32f407xx.o(.text)
    FPU_IRQHandler                           0x08000283   Thumb Code     0  startup_stm32f407xx.o(.text)
    HASH_RNG_IRQHandler                      0x08000283   Thumb Code     0  startup_stm32f407xx.o(.text)
    I2C1_ER_IRQHandler                       0x08000283   Thumb Code     0  startup_stm32f407xx.o(.text)
    I2C1_EV_IRQHandler                       0x08000283   Thumb Code     0  startup_stm32f407xx.o(.text)
    I2C2_ER_IRQHandler                       0x08000283   Thumb Code     0  startup_stm32f407xx.o(.text)
    I2C2_EV_IRQHandler                       0x08000283   Thumb Code     0  startup_stm32f407xx.o(.text)
    I2C3_ER_IRQHandler                       0x08000283   Thumb Code     0  startup_stm32f407xx.o(.text)
    I2C3_EV_IRQHandler                       0x08000283   Thumb Code     0  startup_stm32f407xx.o(.text)
    OTG_FS_IRQHandler                        0x08000283   Thumb Code     0  startup_stm32f407xx.o(.text)
    OTG_FS_WKUP_IRQHandler                   0x08000283   Thumb Code     0  startup_stm32f407xx.o(.text)
    OTG_HS_EP1_IN_IRQHandler                 0x08000283   Thumb Code     0  startup_stm32f407xx.o(.text)
    OTG_HS_EP1_OUT_IRQHandler                0x08000283   Thumb Code     0  startup_stm32f407xx.o(.text)
    OTG_HS_IRQHandler                        0x08000283   Thumb Code     0  startup_stm32f407xx.o(.text)
    OTG_HS_WKUP_IRQHandler                   0x08000283   Thumb Code     0  startup_stm32f407xx.o(.text)
    PVD_IRQHandler                           0x08000283   Thumb Code     0  startup_stm32f407xx.o(.text)
    RCC_IRQHandler                           0x08000283   Thumb Code     0  startup_stm32f407xx.o(.text)
    RTC_Alarm_IRQHandler                     0x08000283   Thumb Code     0  startup_stm32f407xx.o(.text)
    RTC_WKUP_IRQHandler                      0x08000283   Thumb Code     0  startup_stm32f407xx.o(.text)
    SDIO_IRQHandler                          0x08000283   Thumb Code     0  startup_stm32f407xx.o(.text)
    SPI1_IRQHandler                          0x08000283   Thumb Code     0  startup_stm32f407xx.o(.text)
    SPI2_IRQHandler                          0x08000283   Thumb Code     0  startup_stm32f407xx.o(.text)
    SPI3_IRQHandler                          0x08000283   Thumb Code     0  startup_stm32f407xx.o(.text)
    TAMP_STAMP_IRQHandler                    0x08000283   Thumb Code     0  startup_stm32f407xx.o(.text)
    TIM1_BRK_TIM9_IRQHandler                 0x08000283   Thumb Code     0  startup_stm32f407xx.o(.text)
    TIM1_CC_IRQHandler                       0x08000283   Thumb Code     0  startup_stm32f407xx.o(.text)
    TIM1_TRG_COM_TIM11_IRQHandler            0x08000283   Thumb Code     0  startup_stm32f407xx.o(.text)
    TIM1_UP_TIM10_IRQHandler                 0x08000283   Thumb Code     0  startup_stm32f407xx.o(.text)
    TIM2_IRQHandler                          0x08000283   Thumb Code     0  startup_stm32f407xx.o(.text)
    TIM4_IRQHandler                          0x08000283   Thumb Code     0  startup_stm32f407xx.o(.text)
    TIM5_IRQHandler                          0x08000283   Thumb Code     0  startup_stm32f407xx.o(.text)
    TIM6_DAC_IRQHandler                      0x08000283   Thumb Code     0  startup_stm32f407xx.o(.text)
    TIM7_IRQHandler                          0x08000283   Thumb Code     0  startup_stm32f407xx.o(.text)
    TIM8_BRK_TIM12_IRQHandler                0x08000283   Thumb Code     0  startup_stm32f407xx.o(.text)
    TIM8_CC_IRQHandler                       0x08000283   Thumb Code     0  startup_stm32f407xx.o(.text)
    TIM8_TRG_COM_TIM14_IRQHandler            0x08000283   Thumb Code     0  startup_stm32f407xx.o(.text)
    TIM8_UP_TIM13_IRQHandler                 0x08000283   Thumb Code     0  startup_stm32f407xx.o(.text)
    UART4_IRQHandler                         0x08000283   Thumb Code     0  startup_stm32f407xx.o(.text)
    UART5_IRQHandler                         0x08000283   Thumb Code     0  startup_stm32f407xx.o(.text)
    USART2_IRQHandler                        0x08000283   Thumb Code     0  startup_stm32f407xx.o(.text)
    USART6_IRQHandler                        0x08000283   Thumb Code     0  startup_stm32f407xx.o(.text)
    WWDG_IRQHandler                          0x08000283   Thumb Code     0  startup_stm32f407xx.o(.text)
    __user_initial_stackheap                 0x08000285   Thumb Code     0  startup_stm32f407xx.o(.text)
    __aeabi_uldivmod                         0x080002a9   Thumb Code     0  lludivv7m.o(.text)
    _ll_udiv                                 0x080002a9   Thumb Code   238  lludivv7m.o(.text)
    __aeabi_memcpy                           0x08000397   Thumb Code     0  rt_memcpy_v6.o(.text)
    __rt_memcpy                              0x08000397   Thumb Code   138  rt_memcpy_v6.o(.text)
    _memcpy_lastbytes                        0x080003fd   Thumb Code     0  rt_memcpy_v6.o(.text)
    __aeabi_memcpy4                          0x08000421   Thumb Code     0  rt_memcpy_w.o(.text)
    __aeabi_memcpy8                          0x08000421   Thumb Code     0  rt_memcpy_w.o(.text)
    __rt_memcpy_w                            0x08000421   Thumb Code   100  rt_memcpy_w.o(.text)
    _memcpy_lastbytes_aligned                0x08000469   Thumb Code     0  rt_memcpy_w.o(.text)
    __aeabi_memclr                           0x08000485   Thumb Code     0  rt_memclr.o(.text)
    __rt_memclr                              0x08000485   Thumb Code    68  rt_memclr.o(.text)
    _memset                                  0x08000489   Thumb Code     0  rt_memclr.o(.text)
    __aeabi_memclr4                          0x080004c9   Thumb Code     0  rt_memclr_w.o(.text)
    __aeabi_memclr8                          0x080004c9   Thumb Code     0  rt_memclr_w.o(.text)
    __rt_memclr_w                            0x080004c9   Thumb Code    78  rt_memclr_w.o(.text)
    _memset_w                                0x080004cd   Thumb Code     0  rt_memclr_w.o(.text)
    __use_two_region_memory                  0x08000517   Thumb Code     2  heapauxi.o(.text)
    __rt_heap_escrow$2region                 0x08000519   Thumb Code     2  heapauxi.o(.text)
    __rt_heap_expand$2region                 0x0800051b   Thumb Code     2  heapauxi.o(.text)
    __user_setup_stackheap                   0x0800051d   Thumb Code    74  sys_stackheap_outer.o(.text)
    exit                                     0x08000567   Thumb Code    18  exit.o(.text)
    __user_libspace                          0x08000579   Thumb Code     8  libspace.o(.text)
    __user_perproc_libspace                  0x08000579   Thumb Code     0  libspace.o(.text)
    __user_perthread_libspace                0x08000579   Thumb Code     0  libspace.o(.text)
    _sys_exit                                0x08000581   Thumb Code     8  sys_exit.o(.text)
    __I$use$semihosting                      0x0800058d   Thumb Code     0  use_no_semi.o(.text)
    __use_no_semihosting_swi                 0x0800058d   Thumb Code     2  use_no_semi.o(.text)
    BreathLight_Init                         0x0800058f   Thumb Code    40  port_lighteffect.o(i.BreathLight_Init)
    __semihosting_library_function           0x0800058f   Thumb Code     0  indicate_semi.o(.text)
    BreathLight_RefreshState                 0x080005b7   Thumb Code    24  port_lighteffect.o(i.BreathLight_RefreshState)
    BreathLight_SetLightKeep                 0x080005cf   Thumb Code   100  port_lighteffect.o(i.BreathLight_SetLightKeep)
    BusFault_Handler                         0x08000633   Thumb Code     2  stm32f4xx_it.o(i.BusFault_Handler)
    CRC16_calculate                          0x08000759   Thumb Code    52  app_crc.o(i.CRC16_calculate)
    Card_Output                              0x08000799   Thumb Code    28  ctrltask.o(i.Card_Output)
    Communicate_Init                         0x080007b5   Thumb Code   128  communicatetask.o(i.Communicate_Init)
    Communicate_Rx_Init                      0x08000855   Thumb Code    90  port_communicate.o(i.Communicate_Rx_Init)
    Communicate_Rx_Receive                   0x080008b5   Thumb Code   202  port_communicate.o(i.Communicate_Rx_Receive)
    Communicate_Task                         0x08000985   Thumb Code    10  communicatetask.o(i.Communicate_Task)
    Communicate_Tx_Init                      0x08000995   Thumb Code    22  port_communicate.o(i.Communicate_Tx_Init)
    CtrlTask                                 0x080009c9   Thumb Code   144  ctrltask.o(i.CtrlTask)
    DMA1_Stream5_IRQHandler                  0x08000b69   Thumb Code    20  stm32f4xx_it.o(i.DMA1_Stream5_IRQHandler)
    DMA2_Stream2_IRQHandler                  0x08000b85   Thumb Code     6  stm32f4xx_it.o(i.DMA2_Stream2_IRQHandler)
    DebugMon_Handler                         0x08000c35   Thumb Code     2  stm32f4xx_it.o(i.DebugMon_Handler)
    Device_Init                              0x08000c39   Thumb Code   128  ctrltask.o(i.Device_Init)
    Device_Motor_Init                        0x08000ce5   Thumb Code    74  port_device.o(i.Device_Motor_Init)
    Device_Servo_Init                        0x08000dbd   Thumb Code    52  port_device.o(i.Device_Servo_Init)
    Device_Switch_Init                       0x08000e19   Thumb Code    50  port_device.o(i.Device_Switch_Init)
    DigitalTube_Init                         0x08000f8d   Thumb Code    38  port_digitaltube.o(i.DigitalTube_Init)
    EXTI1_IRQHandler                         0x08000fbd   Thumb Code     6  stm32f4xx_it.o(i.EXTI1_IRQHandler)
    EXTI2_IRQHandler                         0x08000fc3   Thumb Code     6  stm32f4xx_it.o(i.EXTI2_IRQHandler)
    Encoder_Check                            0x08000fc9   Thumb Code    40  ctrltask.o(i.Encoder_Check)
    Error_Handler                            0x08000ffd   Thumb Code     4  main.o(i.Error_Handler)
    EventGroupCheckBits                      0x08001001   Thumb Code    14  port_event.o(i.EventGroupCheckBits)
    EventGroupClearBits                      0x0800100f   Thumb Code     8  port_event.o(i.EventGroupClearBits)
    EventGroupSetBits                        0x08001017   Thumb Code     8  port_event.o(i.EventGroupSetBits)
    FLASH_Erase_Sector                       0x08001021   Thumb Code    74  stm32f4xx_hal_flash_ex.o(i.FLASH_Erase_Sector)
    FLASH_FlushCaches                        0x08001071   Thumb Code    80  stm32f4xx_hal_flash_ex.o(i.FLASH_FlushCaches)
    FLASH_WaitForLastOperation               0x080011e9   Thumb Code    72  stm32f4xx_hal_flash.o(i.FLASH_WaitForLastOperation)
    FlashTask                                0x08001239   Thumb Code    34  flashtask.o(i.FlashTask)
    FlashTask_Init                           0x08001265   Thumb Code    70  flashtask.o(i.FlashTask_Init)
    Flash_CleanData                          0x080012cb   Thumb Code     4  app_flash.o(i.Flash_CleanData)
    Flash_Init                               0x08001309   Thumb Code    18  port_flash.o(i.Flash_Init)
    Flash_ReadData                           0x0800133f   Thumb Code    26  app_flash.o(i.Flash_ReadData)
    Flash_WriteData                          0x08001371   Thumb Code    84  app_flash.o(i.Flash_WriteData)
    HAL_DMA_Abort                            0x08001495   Thumb Code   146  stm32f4xx_hal_dma.o(i.HAL_DMA_Abort)
    HAL_DMA_Abort_IT                         0x08001527   Thumb Code    36  stm32f4xx_hal_dma.o(i.HAL_DMA_Abort_IT)
    HAL_DMA_IRQHandler                       0x0800154d   Thumb Code   412  stm32f4xx_hal_dma.o(i.HAL_DMA_IRQHandler)
    HAL_DMA_Init                             0x080016ed   Thumb Code   206  stm32f4xx_hal_dma.o(i.HAL_DMA_Init)
    HAL_DMA_Start_IT                         0x080017c1   Thumb Code   110  stm32f4xx_hal_dma.o(i.HAL_DMA_Start_IT)
    HAL_Delay                                0x08001831   Thumb Code    32  stm32f4xx_hal.o(i.HAL_Delay)
    HAL_FLASHEx_Erase                        0x08001855   Thumb Code   144  stm32f4xx_hal_flash_ex.o(i.HAL_FLASHEx_Erase)
    HAL_FLASH_Lock                           0x080018ed   Thumb Code    14  stm32f4xx_hal_flash.o(i.HAL_FLASH_Lock)
    HAL_FLASH_Program                        0x08001901   Thumb Code   116  stm32f4xx_hal_flash.o(i.HAL_FLASH_Program)
    HAL_FLASH_Unlock                         0x0800197d   Thumb Code    32  stm32f4xx_hal_flash.o(i.HAL_FLASH_Unlock)
    HAL_GPIO_EXTI_Callback                   0x080019a9   Thumb Code    54  interrupttask.o(i.HAL_GPIO_EXTI_Callback)
    HAL_GPIO_EXTI_IRQHandler                 0x080019e5   Thumb Code    18  stm32f4xx_hal_gpio.o(i.HAL_GPIO_EXTI_IRQHandler)
    HAL_GPIO_Init                            0x080019fd   Thumb Code   450  stm32f4xx_hal_gpio.o(i.HAL_GPIO_Init)
    HAL_GPIO_ReadPin                         0x08001bed   Thumb Code    10  stm32f4xx_hal_gpio.o(i.HAL_GPIO_ReadPin)
    HAL_GPIO_TogglePin                       0x08001bf7   Thumb Code    16  stm32f4xx_hal_gpio.o(i.HAL_GPIO_TogglePin)
    HAL_GPIO_WritePin                        0x08001c07   Thumb Code    10  stm32f4xx_hal_gpio.o(i.HAL_GPIO_WritePin)
    HAL_GetTick                              0x08001c11   Thumb Code     6  stm32f4xx_hal.o(i.HAL_GetTick)
    HAL_IWDG_Init                            0x08001c1d   Thumb Code    94  stm32f4xx_hal_iwdg.o(i.HAL_IWDG_Init)
    HAL_IWDG_Refresh                         0x08001c7b   Thumb Code    12  stm32f4xx_hal_iwdg.o(i.HAL_IWDG_Refresh)
    HAL_IncTick                              0x08001c89   Thumb Code    12  stm32f4xx_hal.o(i.HAL_IncTick)
    HAL_Init                                 0x08001c99   Thumb Code    48  stm32f4xx_hal.o(i.HAL_Init)
    HAL_InitTick                             0x08001ccd   Thumb Code    54  stm32f4xx_hal.o(i.HAL_InitTick)
    HAL_MspInit                              0x08001d0d   Thumb Code    42  stm32f4xx_hal_msp.o(i.HAL_MspInit)
    HAL_NVIC_EnableIRQ                       0x08001d3d   Thumb Code    26  stm32f4xx_hal_cortex.o(i.HAL_NVIC_EnableIRQ)
    HAL_NVIC_SetPriority                     0x08001d59   Thumb Code    60  stm32f4xx_hal_cortex.o(i.HAL_NVIC_SetPriority)
    HAL_NVIC_SetPriorityGrouping             0x08001d99   Thumb Code    26  stm32f4xx_hal_cortex.o(i.HAL_NVIC_SetPriorityGrouping)
    HAL_RCC_ClockConfig                      0x08001dbd   Thumb Code   288  stm32f4xx_hal_rcc.o(i.HAL_RCC_ClockConfig)
    HAL_RCC_GetPCLK1Freq                     0x08001ef1   Thumb Code    20  stm32f4xx_hal_rcc.o(i.HAL_RCC_GetPCLK1Freq)
    HAL_RCC_GetPCLK2Freq                     0x08001f11   Thumb Code    20  stm32f4xx_hal_rcc.o(i.HAL_RCC_GetPCLK2Freq)
    HAL_RCC_GetSysClockFreq                  0x08001f31   Thumb Code    88  stm32f4xx_hal_rcc.o(i.HAL_RCC_GetSysClockFreq)
    HAL_RCC_OscConfig                        0x08001f95   Thumb Code   860  stm32f4xx_hal_rcc.o(i.HAL_RCC_OscConfig)
    HAL_SPI_Init                             0x08002305   Thumb Code   188  stm32f4xx_hal_spi.o(i.HAL_SPI_Init)
    HAL_SPI_MspInit                          0x080023c1   Thumb Code   214  spi.o(i.HAL_SPI_MspInit)
    HAL_SPI_Transmit                         0x080024b5   Thumb Code   358  stm32f4xx_hal_spi.o(i.HAL_SPI_Transmit)
    HAL_SYSTICK_Config                       0x0800261b   Thumb Code    40  stm32f4xx_hal_cortex.o(i.HAL_SYSTICK_Config)
    HAL_TIMEx_BreakCallback                  0x08002643   Thumb Code     2  stm32f4xx_hal_tim_ex.o(i.HAL_TIMEx_BreakCallback)
    HAL_TIMEx_CommutCallback                 0x08002645   Thumb Code     2  stm32f4xx_hal_tim_ex.o(i.HAL_TIMEx_CommutCallback)
    HAL_TIMEx_ConfigBreakDeadTime            0x08002647   Thumb Code    84  stm32f4xx_hal_tim_ex.o(i.HAL_TIMEx_ConfigBreakDeadTime)
    HAL_TIMEx_MasterConfigSynchronization    0x0800269d   Thumb Code   116  stm32f4xx_hal_tim_ex.o(i.HAL_TIMEx_MasterConfigSynchronization)
    HAL_TIM_Base_Init                        0x0800272d   Thumb Code    90  stm32f4xx_hal_tim.o(i.HAL_TIM_Base_Init)
    HAL_TIM_Base_MspInit                     0x08002789   Thumb Code   238  tim.o(i.HAL_TIM_Base_MspInit)
    HAL_TIM_Base_Start                       0x0800289d   Thumb Code    90  stm32f4xx_hal_tim.o(i.HAL_TIM_Base_Start)
    HAL_TIM_ConfigClockSource                0x08002915   Thumb Code   220  stm32f4xx_hal_tim.o(i.HAL_TIM_ConfigClockSource)
    HAL_TIM_Encoder_Init                     0x080029f1   Thumb Code   164  stm32f4xx_hal_tim.o(i.HAL_TIM_Encoder_Init)
    HAL_TIM_Encoder_MspInit                  0x08002a95   Thumb Code    90  tim.o(i.HAL_TIM_Encoder_MspInit)
    HAL_TIM_Encoder_Start                    0x08002afd   Thumb Code   142  stm32f4xx_hal_tim.o(i.HAL_TIM_Encoder_Start)
    HAL_TIM_ErrorCallback                    0x08002b8b   Thumb Code     2  stm32f4xx_hal_tim.o(i.HAL_TIM_ErrorCallback)
    HAL_TIM_IC_CaptureCallback               0x08002b8d   Thumb Code     2  stm32f4xx_hal_tim.o(i.HAL_TIM_IC_CaptureCallback)
    HAL_TIM_IRQHandler                       0x08002b8f   Thumb Code   304  stm32f4xx_hal_tim.o(i.HAL_TIM_IRQHandler)
    HAL_TIM_MspPostInit                      0x08002cc1   Thumb Code   256  tim.o(i.HAL_TIM_MspPostInit)
    HAL_TIM_OC_ConfigChannel                 0x08002de9   Thumb Code    82  stm32f4xx_hal_tim.o(i.HAL_TIM_OC_ConfigChannel)
    HAL_TIM_OC_DelayElapsedCallback          0x08002e3b   Thumb Code     2  stm32f4xx_hal_tim.o(i.HAL_TIM_OC_DelayElapsedCallback)
    HAL_TIM_OC_Init                          0x08002e3d   Thumb Code    90  stm32f4xx_hal_tim.o(i.HAL_TIM_OC_Init)
    HAL_TIM_OC_MspInit                       0x08002e97   Thumb Code     2  stm32f4xx_hal_tim.o(i.HAL_TIM_OC_MspInit)
    HAL_TIM_PWM_ConfigChannel                0x08002e99   Thumb Code   204  stm32f4xx_hal_tim.o(i.HAL_TIM_PWM_ConfigChannel)
    HAL_TIM_PWM_Init                         0x08002f65   Thumb Code    90  stm32f4xx_hal_tim.o(i.HAL_TIM_PWM_Init)
    HAL_TIM_PWM_MspInit                      0x08002fbf   Thumb Code     2  stm32f4xx_hal_tim.o(i.HAL_TIM_PWM_MspInit)
    HAL_TIM_PWM_PulseFinishedCallback        0x08002fc1   Thumb Code     2  stm32f4xx_hal_tim.o(i.HAL_TIM_PWM_PulseFinishedCallback)
    HAL_TIM_PWM_PulseFinishedHalfCpltCallback 0x08002fc3   Thumb Code     2  stm32f4xx_hal_tim.o(i.HAL_TIM_PWM_PulseFinishedHalfCpltCallback)
    HAL_TIM_PWM_Start                        0x08002fc5   Thumb Code   172  stm32f4xx_hal_tim.o(i.HAL_TIM_PWM_Start)
    HAL_TIM_PWM_Start_DMA                    0x0800308d   Thumb Code   406  stm32f4xx_hal_tim.o(i.HAL_TIM_PWM_Start_DMA)
    HAL_TIM_PWM_Stop_DMA                     0x0800324d   Thumb Code   196  stm32f4xx_hal_tim.o(i.HAL_TIM_PWM_Stop_DMA)
    HAL_TIM_PeriodElapsedCallback            0x08003319   Thumb Code     2  stm32f4xx_hal_tim.o(i.HAL_TIM_PeriodElapsedCallback)
    HAL_TIM_TriggerCallback                  0x0800331b   Thumb Code     2  stm32f4xx_hal_tim.o(i.HAL_TIM_TriggerCallback)
    HAL_UARTEx_RxEventCallback               0x0800331d   Thumb Code     2  stm32f4xx_hal_uart.o(i.HAL_UARTEx_RxEventCallback)
    HAL_UART_ErrorCallback                   0x08003321   Thumb Code    22  interrupttask.o(i.HAL_UART_ErrorCallback)
    HAL_UART_IRQHandler                      0x0800333d   Thumb Code   636  stm32f4xx_hal_uart.o(i.HAL_UART_IRQHandler)
    HAL_UART_Init                            0x080035bd   Thumb Code   100  stm32f4xx_hal_uart.o(i.HAL_UART_Init)
    HAL_UART_MspInit                         0x08003621   Thumb Code   230  usart.o(i.HAL_UART_MspInit)
    HAL_UART_Receive_DMA                     0x08003725   Thumb Code    28  stm32f4xx_hal_uart.o(i.HAL_UART_Receive_DMA)
    HAL_UART_RxCpltCallback                  0x08003741   Thumb Code     2  stm32f4xx_hal_uart.o(i.HAL_UART_RxCpltCallback)
    HAL_UART_RxHalfCpltCallback              0x08003743   Thumb Code     2  stm32f4xx_hal_uart.o(i.HAL_UART_RxHalfCpltCallback)
    HAL_UART_Transmit                        0x08003745   Thumb Code   160  stm32f4xx_hal_uart.o(i.HAL_UART_Transmit)
    HAL_UART_TxCpltCallback                  0x080037e5   Thumb Code     2  stm32f4xx_hal_uart.o(i.HAL_UART_TxCpltCallback)
    HardFault_Handler                        0x080037e7   Thumb Code     2  stm32f4xx_it.o(i.HardFault_Handler)
    Hoolle_Output                            0x0800397d   Thumb Code    32  ctrltask.o(i.Hoolle_Output)
    KeyAll_Init                              0x080039c1   Thumb Code    34  keytask.o(i.KeyAll_Init)
    Key_Init                                 0x080039ed   Thumb Code    88  port_key.o(i.Key_Init)
    Key_Scan                                 0x08003b2d   Thumb Code   324  port_key.o(i.Key_Scan)
    Key_Task                                 0x08003cd1   Thumb Code   112  keytask.o(i.Key_Task)
    LightDerive_Init                         0x08003d65   Thumb Code    22  port_light.o(i.LightDerive_Init)
    LightEffect_Unblock_SetColor             0x08003d81   Thumb Code    68  port_lighteffect.o(i.LightEffect_Unblock_SetColor)
    Light_Init                               0x08003dc5   Thumb Code   306  lighttask.o(i.Light_Init)
    Light_Task                               0x08003f61   Thumb Code    90  lighttask.o(i.Light_Task)
    List_AddNode                             0x08003fd1   Thumb Code   126  app_list.o(i.List_AddNode)
    List_Create                              0x0800404f   Thumb Code    12  app_list.o(i.List_Create)
    List_DeleteNode                          0x0800405b   Thumb Code    86  app_list.o(i.List_DeleteNode)
    List_IsExistID                           0x080040b1   Thumb Code    22  app_list.o(i.List_IsExistID)
    MX_DMA_Init                              0x080040c9   Thumb Code    72  dma.o(i.MX_DMA_Init)
    MX_GPIO_Init                             0x08004115   Thumb Code   406  gpio.o(i.MX_GPIO_Init)
    MX_IWDG_Init                             0x080042c5   Thumb Code    36  iwdg.o(i.MX_IWDG_Init)
    MX_SPI1_Init                             0x080042f1   Thumb Code    60  spi.o(i.MX_SPI1_Init)
    MX_SPI2_Init                             0x08004335   Thumb Code    68  spi.o(i.MX_SPI2_Init)
    MX_SPI3_Init                             0x08004381   Thumb Code    64  spi.o(i.MX_SPI3_Init)
    MX_TIM10_Init                            0x080043c9   Thumb Code    94  tim.o(i.MX_TIM10_Init)
    MX_TIM1_Init                             0x08004431   Thumb Code   208  tim.o(i.MX_TIM1_Init)
    MX_TIM2_Init                             0x08004509   Thumb Code   152  tim.o(i.MX_TIM2_Init)
    MX_TIM3_Init                             0x080045a5   Thumb Code   144  tim.o(i.MX_TIM3_Init)
    MX_TIM4_Init                             0x0800463d   Thumb Code   102  tim.o(i.MX_TIM4_Init)
    MX_TIM5_Init                             0x080046ad   Thumb Code   188  tim.o(i.MX_TIM5_Init)
    MX_TIM7_Init                             0x08004771   Thumb Code    62  tim.o(i.MX_TIM7_Init)
    MX_TIM9_Init                             0x080047b9   Thumb Code   138  tim.o(i.MX_TIM9_Init)
    MX_USART1_UART_Init                      0x0800484d   Thumb Code    48  usart.o(i.MX_USART1_UART_Init)
    MX_USART3_UART_Init                      0x08004885   Thumb Code    48  usart.o(i.MX_USART3_UART_Init)
    MainTask                                 0x080048bd   Thumb Code   176  maintask.o(i.MainTask)
    MainTaskInit                             0x08004985   Thumb Code    30  maintask.o(i.MainTaskInit)
    MemManage_Handler                        0x080049a3   Thumb Code     2  stm32f4xx_it.o(i.MemManage_Handler)
    MesgDeal_Task                            0x080049a5   Thumb Code    50  communicatetask.o(i.MesgDeal_Task)
    Mesg_Task                                0x080049dd   Thumb Code   272  mesgtask.o(i.Mesg_Task)
    Motor_LosePower                          0x08004b05   Thumb Code    62  app_device.o(i.Motor_LosePower)
    Motor_SetSpeed                           0x08004b43   Thumb Code   140  app_device.o(i.Motor_SetSpeed)
    Motor_Stop                               0x08004bcf   Thumb Code    68  app_device.o(i.Motor_Stop)
    NMI_Handler                              0x08004c13   Thumb Code     2  stm32f4xx_it.o(i.NMI_Handler)
    NormalLight_Init                         0x08004c15   Thumb Code    14  port_lighteffect.o(i.NormalLight_Init)
    NormalLight_SetLight                     0x08004c23   Thumb Code    48  port_lighteffect.o(i.NormalLight_SetLight)
    PendSV_Handler                           0x08004c55   Thumb Code     2  stm32f4xx_it.o(i.PendSV_Handler)
    RGB_FinishCallback                       0x08004cbd   Thumb Code    32  app_ws2812.o(i.RGB_FinishCallback)
    RGB_Init                                 0x08004cdd   Thumb Code    68  app_ws2812.o(i.RGB_Init)
    RGB_LocalRefresh                         0x08004d21   Thumb Code   694  app_ws2812.o(i.RGB_LocalRefresh)
    RGB_SetMoreColor                         0x08005003   Thumb Code    44  app_ws2812.o(i.RGB_SetMoreColor)
    RGB_SetOneColor                          0x0800502f   Thumb Code    66  app_ws2812.o(i.RGB_SetOneColor)
    RegisterLight                            0x080050ad   Thumb Code   132  port_lighteffect.o(i.RegisterLight)
    Resend_Task                              0x08005135   Thumb Code    88  communicatetask.o(i.Resend_Task)
    ResumeSetting                            0x08005195   Thumb Code    22  flashtask.o(i.ResumeSetting)
    RingBuffer_Clear                         0x080051b1   Thumb Code    14  app_ringbuf.o(i.RingBuffer_Clear)
    RingBuffer_Init                          0x080051d1   Thumb Code    54  app_ringbuf.o(i.RingBuffer_Init)
    SVC_Handler                              0x080054b1   Thumb Code     2  stm32f4xx_it.o(i.SVC_Handler)
    SemaphoreGive                            0x080054b3   Thumb Code    18  app_ws2812.o(i.SemaphoreGive)
    SemaphoreTake                            0x080054c5   Thumb Code    16  app_ws2812.o(i.SemaphoreTake)
    Servo_SetAngle                           0x080054d5   Thumb Code    52  app_device.o(i.Servo_SetAngle)
    Switch_SetState                          0x080055cf   Thumb Code     4  app_device.o(i.Switch_SetState)
    SysTick_Handler                          0x080055f9   Thumb Code     4  stm32f4xx_it.o(i.SysTick_Handler)
    SystemClock_Config                       0x080055fd   Thumb Code   148  main.o(i.SystemClock_Config)
    SystemInit                               0x08005699   Thumb Code    12  system_stm32f4xx.o(i.SystemInit)
    TIM3_IRQHandler                          0x080056a9   Thumb Code     6  stm32f4xx_it.o(i.TIM3_IRQHandler)
    TIM_Base_SetConfig                       0x080056b5   Thumb Code   164  stm32f4xx_hal_tim.o(i.TIM_Base_SetConfig)
    TIM_CCxChannelCmd                        0x08005785   Thumb Code    26  stm32f4xx_hal_tim.o(i.TIM_CCxChannelCmd)
    TIM_DMADelayPulseHalfCplt                0x080057fd   Thumb Code    56  stm32f4xx_hal_tim.o(i.TIM_DMADelayPulseHalfCplt)
    TIM_DMAError                             0x08005835   Thumb Code    84  stm32f4xx_hal_tim.o(i.TIM_DMAError)
    TIM_ETR_SetConfig                        0x08005889   Thumb Code    20  stm32f4xx_hal_tim.o(i.TIM_ETR_SetConfig)
    TIM_OC2_SetConfig                        0x0800590d   Thumb Code    98  stm32f4xx_hal_tim.o(i.TIM_OC2_SetConfig)
    UART_Start_Receive_DMA                   0x08005dad   Thumb Code   146  stm32f4xx_hal_uart.o(i.UART_Start_Receive_DMA)
    USART1_IRQHandler                        0x08006115   Thumb Code     6  stm32f4xx_it.o(i.USART1_IRQHandler)
    USART3_IRQHandler                        0x0800617d   Thumb Code     6  stm32f4xx_it.o(i.USART3_IRQHandler)
    USART_ReSendMesg                         0x08006189   Thumb Code   128  communicatetask.o(i.USART_ReSendMesg)
    USART_RequestMesg                        0x08006209   Thumb Code   108  communicatetask.o(i.USART_RequestMesg)
    USART_SendMesg                           0x08006275   Thumb Code   144  communicatetask.o(i.USART_SendMesg)
    USART_SendMesg_FillData                  0x0800630d   Thumb Code    64  communicatetask.o(i.USART_SendMesg_FillData)
    USART_SendMesg_FillData_withResend       0x0800634d   Thumb Code    38  communicatetask.o(i.USART_SendMesg_FillData_withResend)
    USART_SendMesg_withResend                0x08006373   Thumb Code    28  communicatetask.o(i.USART_SendMesg_withResend)
    UsageFault_Handler                       0x0800638f   Thumb Code     2  stm32f4xx_it.o(i.UsageFault_Handler)
    main                                     0x08006411   Thumb Code    94  main.o(i.main)
    _fp_init                                 0x0800646f   Thumb Code    10  fpinit.o(x$fpl$fpinit)
    __fplib_config_fpu_vfp                   0x08006477   Thumb Code     0  fpinit.o(x$fpl$fpinit)
    __fplib_config_pureend_doubles           0x08006477   Thumb Code     0  fpinit.o(x$fpl$fpinit)
    AHBPrescTable                            0x08006480   Data          16  system_stm32f4xx.o(.constdata)
    APBPrescTable                            0x08006490   Data           8  system_stm32f4xx.o(.constdata)
    DIGITAL3BIT_CODE_CA                      0x08006498   Data          10  port_digitaltube.o(.constdata)
    Region$$Table$$Base                      0x080064f8   Number         0  anon$$obj.o(Region$$Table)
    Region$$Table$$Limit                     0x08006518   Number         0  anon$$obj.o(Region$$Table)
    pFlash                                   0x20000000   Data          32  stm32f4xx_hal_flash.o(.data)
    uwTickFreq                               0x20000020   Data           1  stm32f4xx_hal.o(.data)
    uwTickPrio                               0x20000024   Data           4  stm32f4xx_hal.o(.data)
    uwTick                                   0x20000028   Data           4  stm32f4xx_hal.o(.data)
    SystemCoreClock                          0x2000002c   Data           4  system_stm32f4xx.o(.data)
    Color_table                              0x20000030   Data          30  app_ws2812.o(.data)
    LightTable                               0x20000054   Data          16  port_lighteffect.o(.data)
    KeyState                                 0x20000074   Data           4  keytask.o(.data)
    Key_event                                0x20000078   Data           4  keytask.o(.data)
    Light_Semaphore                          0x20000100   Data           2  lighttask.o(.data)
    BreathList                               0x20000104   Data          24  lighttask.o(.data)
    HoleLightList                            0x2000011c   Data          16  lighttask.o(.data)
    ValveRestartTime                         0x2000012c   Data           4  maintask.o(.data)
    Scene                                    0x20000146   Data           1  maintask.o(.data)
    Event                                    0x20000148   Data           4  maintask.o(.data)
    Mesg_event                               0x2000014c   Data           4  mesgtask.o(.data)
    Mesg_HoolleInput                         0x20000150   Data          12  mesgtask.o(.data)
    Mesg_CoinInput                           0x2000015c   Data          12  mesgtask.o(.data)
    Mesg_ButtonEnterBackstage                0x20000168   Data          12  mesgtask.o(.data)
    Mesg_AlreadyUnlock                       0x20000174   Data          12  mesgtask.o(.data)
    hiwdg                                    0x20000180   Data          12  iwdg.o(.bss)
    hspi1                                    0x2000018c   Data          88  spi.o(.bss)
    hspi2                                    0x200001e4   Data          88  spi.o(.bss)
    hspi3                                    0x2000023c   Data          88  spi.o(.bss)
    htim1                                    0x20000294   Data          72  tim.o(.bss)
    htim2                                    0x200002dc   Data          72  tim.o(.bss)
    htim3                                    0x20000324   Data          72  tim.o(.bss)
    htim4                                    0x2000036c   Data          72  tim.o(.bss)
    htim5                                    0x200003b4   Data          72  tim.o(.bss)
    htim7                                    0x200003fc   Data          72  tim.o(.bss)
    htim9                                    0x20000444   Data          72  tim.o(.bss)
    htim10                                   0x2000048c   Data          72  tim.o(.bss)
    hdma_tim3_ch2                            0x200004d4   Data          96  tim.o(.bss)
    huart1                                   0x20000534   Data          72  usart.o(.bss)
    huart3                                   0x2000057c   Data          72  usart.o(.bss)
    hdma_usart1_rx                           0x200005c4   Data          96  usart.o(.bss)
    ColorLightList                           0x20000624   Data          48  port_lighteffect.o(.bss)
    BreathLightList                          0x20000654   Data          48  port_lighteffect.o(.bss)
    NormalLightList                          0x20000684   Data          48  port_lighteffect.o(.bss)
    ResendList                               0x200006b4   Data          12  communicatetask.o(.bss)
    DealList                                 0x200006c0   Data          12  communicatetask.o(.bss)
    Tx1                                      0x2000206c   Data          20  communicatetask.o(.bss)
    Rx1                                      0x20002080   Data          76  communicatetask.o(.bss)
    Receive1_mesg                            0x200020cc   Data          12  communicatetask.o(.bss)
    Motor_Hoolle1                            0x200020d8   Data          48  ctrltask.o(.bss)
    Card                                     0x20002108   Data          36  ctrltask.o(.bss)
    Lock_Valve                               0x2000212c   Data          32  ctrltask.o(.bss)
    Valve                                    0x2000214c   Data          32  ctrltask.o(.bss)
    Servo                                    0x2000216c   Data          32  ctrltask.o(.bss)
    hflash                                   0x2000218c   Data          24  flashtask.o(.bss)
    Setting                                  0x200021a4   Data          20  flashtask.o(.bss)
    Light_RGBbuffer                          0x20002838   Data          96  lighttask.o(.bss)
    Light_CRRbuffer                          0x20002898   Data        1872  lighttask.o(.bss)
    Light                                    0x20002fe8   Data          36  lighttask.o(.bss)
    J1                                       0x2000300c   Data          24  lighttask.o(.bss)
    J2                                       0x20003024   Data          24  lighttask.o(.bss)
    J3                                       0x2000303c   Data          24  lighttask.o(.bss)
    J4                                       0x20003054   Data          24  lighttask.o(.bss)
    J5                                       0x2000306c   Data          24  lighttask.o(.bss)
    J6                                       0x20003084   Data          24  lighttask.o(.bss)
    ButtonLight                              0x2000309c   Data          12  lighttask.o(.bss)
    Hole1                                    0x200030a8   Data          20  lighttask.o(.bss)
    Hole2                                    0x200030bc   Data          20  lighttask.o(.bss)
    Hole3                                    0x200030d0   Data          20  lighttask.o(.bss)
    Hole4                                    0x200030e4   Data          20  lighttask.o(.bss)
    DigitalTube                              0x200030f8   Data          40  maintask.o(.bss)
    __libspace_start                         0x20003120   Data          96  libspace.o(.bss)
    __temporary_stack_top$libspace           0x20003180   Data           0  libspace.o(.bss)



==============================================================================

Memory Map of the image

  Image Entry point : 0x08000189

  Load Region LR_IROM1 (Base: 0x08000000, Size: 0x00006698, Max: 0x00100000, ABSOLUTE, COMPRESSED[0x000065ac])

    Execution Region ER_IROM1 (Exec base: 0x08000000, Load base: 0x08000000, Size: 0x00006518, Max: 0x00100000, ABSOLUTE)

    Exec Addr    Load Addr    Size         Type   Attr      Idx    E Section Name        Object

    0x08000000   0x08000000   0x00000188   Data   RO            3    RESET               startup_stm32f407xx.o
    0x08000188   0x08000188   0x00000008   Code   RO         4985  * !!!main             c_w.l(__main.o)
    0x08000190   0x08000190   0x00000034   Code   RO         5154    !!!scatter          c_w.l(__scatter.o)
    0x080001c4   0x080001c4   0x0000005a   Code   RO         5152    !!dczerorl2         c_w.l(__dczerorl2.o)
    0x0800021e   0x0800021e   0x00000002   PAD
    0x08000220   0x08000220   0x0000001c   Code   RO         5156    !!handler_zi        c_w.l(__scatter_zi.o)
    0x0800023c   0x0800023c   0x00000002   Code   RO         5075    .ARM.Collect$$libinit$$00000000  c_w.l(libinit.o)
    0x0800023e   0x0800023e   0x00000004   Code   RO         4992    .ARM.Collect$$libinit$$00000001  c_w.l(libinit2.o)
    0x08000242   0x08000242   0x00000000   Code   RO         4995    .ARM.Collect$$libinit$$00000004  c_w.l(libinit2.o)
    0x08000242   0x08000242   0x00000000   Code   RO         4998    .ARM.Collect$$libinit$$0000000A  c_w.l(libinit2.o)
    0x08000242   0x08000242   0x00000000   Code   RO         5000    .ARM.Collect$$libinit$$0000000C  c_w.l(libinit2.o)
    0x08000242   0x08000242   0x00000000   Code   RO         5002    .ARM.Collect$$libinit$$0000000E  c_w.l(libinit2.o)
    0x08000242   0x08000242   0x00000000   Code   RO         5005    .ARM.Collect$$libinit$$00000011  c_w.l(libinit2.o)
    0x08000242   0x08000242   0x00000000   Code   RO         5007    .ARM.Collect$$libinit$$00000013  c_w.l(libinit2.o)
    0x08000242   0x08000242   0x00000000   Code   RO         5009    .ARM.Collect$$libinit$$00000015  c_w.l(libinit2.o)
    0x08000242   0x08000242   0x00000000   Code   RO         5011    .ARM.Collect$$libinit$$00000017  c_w.l(libinit2.o)
    0x08000242   0x08000242   0x00000000   Code   RO         5013    .ARM.Collect$$libinit$$00000019  c_w.l(libinit2.o)
    0x08000242   0x08000242   0x00000000   Code   RO         5015    .ARM.Collect$$libinit$$0000001B  c_w.l(libinit2.o)
    0x08000242   0x08000242   0x00000000   Code   RO         5017    .ARM.Collect$$libinit$$0000001D  c_w.l(libinit2.o)
    0x08000242   0x08000242   0x00000000   Code   RO         5019    .ARM.Collect$$libinit$$0000001F  c_w.l(libinit2.o)
    0x08000242   0x08000242   0x00000000   Code   RO         5021    .ARM.Collect$$libinit$$00000021  c_w.l(libinit2.o)
    0x08000242   0x08000242   0x00000000   Code   RO         5023    .ARM.Collect$$libinit$$00000023  c_w.l(libinit2.o)
    0x08000242   0x08000242   0x00000000   Code   RO         5025    .ARM.Collect$$libinit$$00000025  c_w.l(libinit2.o)
    0x08000242   0x08000242   0x00000000   Code   RO         5029    .ARM.Collect$$libinit$$0000002C  c_w.l(libinit2.o)
    0x08000242   0x08000242   0x00000000   Code   RO         5031    .ARM.Collect$$libinit$$0000002E  c_w.l(libinit2.o)
    0x08000242   0x08000242   0x00000000   Code   RO         5033    .ARM.Collect$$libinit$$00000030  c_w.l(libinit2.o)
    0x08000242   0x08000242   0x00000000   Code   RO         5035    .ARM.Collect$$libinit$$00000032  c_w.l(libinit2.o)
    0x08000242   0x08000242   0x00000002   Code   RO         5036    .ARM.Collect$$libinit$$00000033  c_w.l(libinit2.o)
    0x08000244   0x08000244   0x00000002   Code   RO         5119    .ARM.Collect$$libshutdown$$00000000  c_w.l(libshutdown.o)
    0x08000246   0x08000246   0x00000000   Code   RO         5135    .ARM.Collect$$libshutdown$$00000002  c_w.l(libshutdown2.o)
    0x08000246   0x08000246   0x00000000   Code   RO         5137    .ARM.Collect$$libshutdown$$00000004  c_w.l(libshutdown2.o)
    0x08000246   0x08000246   0x00000000   Code   RO         5140    .ARM.Collect$$libshutdown$$00000007  c_w.l(libshutdown2.o)
    0x08000246   0x08000246   0x00000000   Code   RO         5143    .ARM.Collect$$libshutdown$$0000000A  c_w.l(libshutdown2.o)
    0x08000246   0x08000246   0x00000000   Code   RO         5145    .ARM.Collect$$libshutdown$$0000000C  c_w.l(libshutdown2.o)
    0x08000246   0x08000246   0x00000000   Code   RO         5148    .ARM.Collect$$libshutdown$$0000000F  c_w.l(libshutdown2.o)
    0x08000246   0x08000246   0x00000002   Code   RO         5149    .ARM.Collect$$libshutdown$$00000010  c_w.l(libshutdown2.o)
    0x08000248   0x08000248   0x00000000   Code   RO         4987    .ARM.Collect$$rtentry$$00000000  c_w.l(__rtentry.o)
    0x08000248   0x08000248   0x00000000   Code   RO         5038    .ARM.Collect$$rtentry$$00000002  c_w.l(__rtentry2.o)
    0x08000248   0x08000248   0x00000006   Code   RO         5050    .ARM.Collect$$rtentry$$00000004  c_w.l(__rtentry4.o)
    0x0800024e   0x0800024e   0x00000000   Code   RO         5040    .ARM.Collect$$rtentry$$00000009  c_w.l(__rtentry2.o)
    0x0800024e   0x0800024e   0x00000004   Code   RO         5041    .ARM.Collect$$rtentry$$0000000A  c_w.l(__rtentry2.o)
    0x08000252   0x08000252   0x00000000   Code   RO         5043    .ARM.Collect$$rtentry$$0000000C  c_w.l(__rtentry2.o)
    0x08000252   0x08000252   0x00000008   Code   RO         5044    .ARM.Collect$$rtentry$$0000000D  c_w.l(__rtentry2.o)
    0x0800025a   0x0800025a   0x00000002   Code   RO         5081    .ARM.Collect$$rtexit$$00000000  c_w.l(rtexit.o)
    0x0800025c   0x0800025c   0x00000000   Code   RO         5101    .ARM.Collect$$rtexit$$00000002  c_w.l(rtexit2.o)
    0x0800025c   0x0800025c   0x00000004   Code   RO         5102    .ARM.Collect$$rtexit$$00000003  c_w.l(rtexit2.o)
    0x08000260   0x08000260   0x00000006   Code   RO         5103    .ARM.Collect$$rtexit$$00000004  c_w.l(rtexit2.o)
    0x08000266   0x08000266   0x00000002   PAD
    0x08000268   0x08000268   0x00000040   Code   RO            4    .text               startup_stm32f407xx.o
    0x080002a8   0x080002a8   0x000000ee   Code   RO         4968    .text               c_w.l(lludivv7m.o)
    0x08000396   0x08000396   0x0000008a   Code   RO         4975    .text               c_w.l(rt_memcpy_v6.o)
    0x08000420   0x08000420   0x00000064   Code   RO         4977    .text               c_w.l(rt_memcpy_w.o)
    0x08000484   0x08000484   0x00000044   Code   RO         4979    .text               c_w.l(rt_memclr.o)
    0x080004c8   0x080004c8   0x0000004e   Code   RO         4981    .text               c_w.l(rt_memclr_w.o)
    0x08000516   0x08000516   0x00000006   Code   RO         4983    .text               c_w.l(heapauxi.o)
    0x0800051c   0x0800051c   0x0000004a   Code   RO         5058    .text               c_w.l(sys_stackheap_outer.o)
    0x08000566   0x08000566   0x00000012   Code   RO         5060    .text               c_w.l(exit.o)
    0x08000578   0x08000578   0x00000008   Code   RO         5078    .text               c_w.l(libspace.o)
    0x08000580   0x08000580   0x0000000c   Code   RO         5095    .text               c_w.l(sys_exit.o)
    0x0800058c   0x0800058c   0x00000002   Code   RO         5097    .text               c_w.l(use_no_semi.o)
    0x0800058e   0x0800058e   0x00000000   Code   RO         5099    .text               c_w.l(indicate_semi.o)
    0x0800058e   0x0800058e   0x00000028   Code   RO         4187    i.BreathLight_Init  port_lighteffect.o
    0x080005b6   0x080005b6   0x00000018   Code   RO         4188    i.BreathLight_RefreshState  port_lighteffect.o
    0x080005ce   0x080005ce   0x00000064   Code   RO         4191    i.BreathLight_SetLightKeep  port_lighteffect.o
    0x08000632   0x08000632   0x00000002   Code   RO          459    i.BusFault_Handler  stm32f4xx_it.o
    0x08000634   0x08000634   0x00000124   Code   RO         4713    i.Button_Init       keytask.o
    0x08000758   0x08000758   0x00000034   Code   RO         3493    i.CRC16_calculate   app_crc.o
    0x0800078c   0x0800078c   0x0000000c   Code   RO         4543    i.CardMotorTimeout_callback  ctrltask.o
    0x08000798   0x08000798   0x0000001c   Code   RO         4544    i.Card_Output       ctrltask.o
    0x080007b4   0x080007b4   0x000000a0   Code   RO         4430    i.Communicate_Init  communicatetask.o
    0x08000854   0x08000854   0x00000060   Code   RO         3846    i.Communicate_Rx_Init  port_communicate.o
    0x080008b4   0x080008b4   0x000000d0   Code   RO         3847    i.Communicate_Rx_Receive  port_communicate.o
    0x08000984   0x08000984   0x00000010   Code   RO         4431    i.Communicate_Task  communicatetask.o
    0x08000994   0x08000994   0x0000001c   Code   RO         3848    i.Communicate_Tx_Init  port_communicate.o
    0x080009b0   0x080009b0   0x00000016   Code   RO         3849    i.Communicate_Tx_Transmit  port_communicate.o
    0x080009c6   0x080009c6   0x00000002   PAD
    0x080009c8   0x080009c8   0x000000a0   Code   RO         4545    i.CtrlTask          ctrltask.o
    0x08000a68   0x08000a68   0x000000ac   Code   RO         4546    i.Ctrl_HoolleMotor  ctrltask.o
    0x08000b14   0x08000b14   0x00000054   Code   RO         4547    i.Ctrl_Valve        ctrltask.o
    0x08000b68   0x08000b68   0x0000001c   Code   RO          460    i.DMA1_Stream5_IRQHandler  stm32f4xx_it.o
    0x08000b84   0x08000b84   0x0000000c   Code   RO          461    i.DMA2_Stream2_IRQHandler  stm32f4xx_it.o
    0x08000b90   0x08000b90   0x00000028   Code   RO         1106    i.DMA_CalcBaseAndBitshift  stm32f4xx_hal_dma.o
    0x08000bb8   0x08000bb8   0x00000054   Code   RO         1107    i.DMA_CheckFifoParam  stm32f4xx_hal_dma.o
    0x08000c0c   0x08000c0c   0x00000028   Code   RO         1108    i.DMA_SetConfig     stm32f4xx_hal_dma.o
    0x08000c34   0x08000c34   0x00000002   Code   RO          462    i.DebugMon_Handler  stm32f4xx_it.o
    0x08000c36   0x08000c36   0x00000002   PAD
    0x08000c38   0x08000c38   0x0000009c   Code   RO         4548    i.Device_Init       ctrltask.o
    0x08000cd4   0x08000cd4   0x0000000e   Code   RO         3891    i.Device_Motor_GetRuntime  port_device.o
    0x08000ce2   0x08000ce2   0x00000002   PAD
    0x08000ce4   0x08000ce4   0x00000060   Code   RO         3892    i.Device_Motor_Init  port_device.o
    0x08000d44   0x08000d44   0x0000000c   Code   RO         3893    i.Device_Motor_LosePower  port_device.o
    0x08000d50   0x08000d50   0x0000000c   Code   RO         3894    i.Device_Motor_ResetRuntime  port_device.o
    0x08000d5c   0x08000d5c   0x0000001e   Code   RO         3895    i.Device_Motor_SetSpeed  port_device.o
    0x08000d7a   0x08000d7a   0x0000000c   Code   RO         3896    i.Device_Motor_Stop  port_device.o
    0x08000d86   0x08000d86   0x0000001c   Code   RO         3897    i.Device_Servo_DecreaseAngle  port_device.o
    0x08000da2   0x08000da2   0x00000004   Code   RO         3898    i.Device_Servo_GetAngle  port_device.o
    0x08000da6   0x08000da6   0x00000016   Code   RO         3899    i.Device_Servo_IncreaseAngle  port_device.o
    0x08000dbc   0x08000dbc   0x00000044   Code   RO         3900    i.Device_Servo_Init  port_device.o
    0x08000e00   0x08000e00   0x0000000a   Code   RO         3901    i.Device_Servo_SetAngle  port_device.o
    0x08000e0a   0x08000e0a   0x0000000e   Code   RO         3902    i.Device_Switch_GetRuntime  port_device.o
    0x08000e18   0x08000e18   0x00000044   Code   RO         3903    i.Device_Switch_Init  port_device.o
    0x08000e5c   0x08000e5c   0x00000012   Code   RO         3904    i.Device_Switch_Off  port_device.o
    0x08000e6e   0x08000e6e   0x00000016   Code   RO         3905    i.Device_Switch_On  port_device.o
    0x08000e84   0x08000e84   0x0000000c   Code   RO         3906    i.Device_Switch_ResetRuntime  port_device.o
    0x08000e90   0x08000e90   0x000000fc   Code   RO         4852    i.DigitalTubeTask_Init  maintask.o
    0x08000f8c   0x08000f8c   0x00000030   Code   RO         3995    i.DigitalTube_Init  port_digitaltube.o
    0x08000fbc   0x08000fbc   0x00000006   Code   RO          463    i.EXTI1_IRQHandler  stm32f4xx_it.o
    0x08000fc2   0x08000fc2   0x00000006   Code   RO          464    i.EXTI2_IRQHandler  stm32f4xx_it.o
    0x08000fc8   0x08000fc8   0x00000034   Code   RO         4549    i.Encoder_Check     ctrltask.o
    0x08000ffc   0x08000ffc   0x00000004   Code   RO           13    i.Error_Handler     main.o
    0x08001000   0x08001000   0x0000000e   Code   RO         4038    i.EventGroupCheckBits  port_event.o
    0x0800100e   0x0800100e   0x00000008   Code   RO         4039    i.EventGroupClearBits  port_event.o
    0x08001016   0x08001016   0x00000008   Code   RO         4041    i.EventGroupSetBits  port_event.o
    0x0800101e   0x0800101e   0x00000002   PAD
    0x08001020   0x08001020   0x00000050   Code   RO          921    i.FLASH_Erase_Sector  stm32f4xx_hal_flash_ex.o
    0x08001070   0x08001070   0x00000054   Code   RO          922    i.FLASH_FlushCaches  stm32f4xx_hal_flash_ex.o
    0x080010c4   0x080010c4   0x00000028   Code   RO          923    i.FLASH_MassErase   stm32f4xx_hal_flash_ex.o
    0x080010ec   0x080010ec   0x00000020   Code   RO          803    i.FLASH_Program_Byte  stm32f4xx_hal_flash.o
    0x0800110c   0x0800110c   0x0000002c   Code   RO          804    i.FLASH_Program_DoubleWord  stm32f4xx_hal_flash.o
    0x08001138   0x08001138   0x00000024   Code   RO          805    i.FLASH_Program_HalfWord  stm32f4xx_hal_flash.o
    0x0800115c   0x0800115c   0x00000024   Code   RO          806    i.FLASH_Program_Word  stm32f4xx_hal_flash.o
    0x08001180   0x08001180   0x00000068   Code   RO          807    i.FLASH_SetErrorCode  stm32f4xx_hal_flash.o
    0x080011e8   0x080011e8   0x00000050   Code   RO          808    i.FLASH_WaitForLastOperation  stm32f4xx_hal_flash.o
    0x08001238   0x08001238   0x0000002c   Code   RO         4631    i.FlashTask         flashtask.o
    0x08001264   0x08001264   0x00000050   Code   RO         4632    i.FlashTask_Init    flashtask.o
    0x080012b4   0x080012b4   0x00000016   Code   RO         4083    i.Flash_Clean       port_flash.o
    0x080012ca   0x080012ca   0x00000004   Code   RO         3579    i.Flash_CleanData   app_flash.o
    0x080012ce   0x080012ce   0x0000003a   Code   RO         3580    i.Flash_Erase       app_flash.o
    0x08001308   0x08001308   0x00000020   Code   RO         4084    i.Flash_Init        port_flash.o
    0x08001328   0x08001328   0x00000016   Code   RO         4085    i.Flash_Read        port_flash.o
    0x0800133e   0x0800133e   0x0000001a   Code   RO         3581    i.Flash_ReadData    app_flash.o
    0x08001358   0x08001358   0x00000018   Code   RO         4086    i.Flash_Write       port_flash.o
    0x08001370   0x08001370   0x00000054   Code   RO         3582    i.Flash_WriteData   app_flash.o
    0x080013c4   0x080013c4   0x000000d0   Code   RO         3583    i.GetSector         app_flash.o
    0x08001494   0x08001494   0x00000092   Code   RO         1109    i.HAL_DMA_Abort     stm32f4xx_hal_dma.o
    0x08001526   0x08001526   0x00000024   Code   RO         1110    i.HAL_DMA_Abort_IT  stm32f4xx_hal_dma.o
    0x0800154a   0x0800154a   0x00000002   PAD
    0x0800154c   0x0800154c   0x000001a0   Code   RO         1114    i.HAL_DMA_IRQHandler  stm32f4xx_hal_dma.o
    0x080016ec   0x080016ec   0x000000d4   Code   RO         1115    i.HAL_DMA_Init      stm32f4xx_hal_dma.o
    0x080017c0   0x080017c0   0x0000006e   Code   RO         1119    i.HAL_DMA_Start_IT  stm32f4xx_hal_dma.o
    0x0800182e   0x0800182e   0x00000002   PAD
    0x08001830   0x08001830   0x00000024   Code   RO         1546    i.HAL_Delay         stm32f4xx_hal.o
    0x08001854   0x08001854   0x00000098   Code   RO          924    i.HAL_FLASHEx_Erase  stm32f4xx_hal_flash_ex.o
    0x080018ec   0x080018ec   0x00000014   Code   RO          812    i.HAL_FLASH_Lock    stm32f4xx_hal_flash.o
    0x08001900   0x08001900   0x0000007c   Code   RO          817    i.HAL_FLASH_Program  stm32f4xx_hal_flash.o
    0x0800197c   0x0800197c   0x0000002c   Code   RO          819    i.HAL_FLASH_Unlock  stm32f4xx_hal_flash.o
    0x080019a8   0x080019a8   0x0000003c   Code   RO         4670    i.HAL_GPIO_EXTI_Callback  interrupttask.o
    0x080019e4   0x080019e4   0x00000018   Code   RO         1001    i.HAL_GPIO_EXTI_IRQHandler  stm32f4xx_hal_gpio.o
    0x080019fc   0x080019fc   0x000001f0   Code   RO         1002    i.HAL_GPIO_Init     stm32f4xx_hal_gpio.o
    0x08001bec   0x08001bec   0x0000000a   Code   RO         1004    i.HAL_GPIO_ReadPin  stm32f4xx_hal_gpio.o
    0x08001bf6   0x08001bf6   0x00000010   Code   RO         1005    i.HAL_GPIO_TogglePin  stm32f4xx_hal_gpio.o
    0x08001c06   0x08001c06   0x0000000a   Code   RO         1006    i.HAL_GPIO_WritePin  stm32f4xx_hal_gpio.o
    0x08001c10   0x08001c10   0x0000000c   Code   RO         1552    i.HAL_GetTick       stm32f4xx_hal.o
    0x08001c1c   0x08001c1c   0x0000005e   Code   RO          617    i.HAL_IWDG_Init     stm32f4xx_hal_iwdg.o
    0x08001c7a   0x08001c7a   0x0000000c   Code   RO          618    i.HAL_IWDG_Refresh  stm32f4xx_hal_iwdg.o
    0x08001c86   0x08001c86   0x00000002   PAD
    0x08001c88   0x08001c88   0x00000010   Code   RO         1558    i.HAL_IncTick       stm32f4xx_hal.o
    0x08001c98   0x08001c98   0x00000034   Code   RO         1559    i.HAL_Init          stm32f4xx_hal.o
    0x08001ccc   0x08001ccc   0x00000040   Code   RO         1560    i.HAL_InitTick      stm32f4xx_hal.o
    0x08001d0c   0x08001d0c   0x00000030   Code   RO          593    i.HAL_MspInit       stm32f4xx_hal_msp.o
    0x08001d3c   0x08001d3c   0x0000001a   Code   RO         1394    i.HAL_NVIC_EnableIRQ  stm32f4xx_hal_cortex.o
    0x08001d56   0x08001d56   0x00000002   PAD
    0x08001d58   0x08001d58   0x00000040   Code   RO         1400    i.HAL_NVIC_SetPriority  stm32f4xx_hal_cortex.o
    0x08001d98   0x08001d98   0x00000024   Code   RO         1401    i.HAL_NVIC_SetPriorityGrouping  stm32f4xx_hal_cortex.o
    0x08001dbc   0x08001dbc   0x00000134   Code   RO          648    i.HAL_RCC_ClockConfig  stm32f4xx_hal_rcc.o
    0x08001ef0   0x08001ef0   0x00000020   Code   RO          655    i.HAL_RCC_GetPCLK1Freq  stm32f4xx_hal_rcc.o
    0x08001f10   0x08001f10   0x00000020   Code   RO          656    i.HAL_RCC_GetPCLK2Freq  stm32f4xx_hal_rcc.o
    0x08001f30   0x08001f30   0x00000064   Code   RO          657    i.HAL_RCC_GetSysClockFreq  stm32f4xx_hal_rcc.o
    0x08001f94   0x08001f94   0x00000370   Code   RO          660    i.HAL_RCC_OscConfig  stm32f4xx_hal_rcc.o
    0x08002304   0x08002304   0x000000bc   Code   RO         1808    i.HAL_SPI_Init      stm32f4xx_hal_spi.o
    0x080023c0   0x080023c0   0x000000f4   Code   RO          256    i.HAL_SPI_MspInit   spi.o
    0x080024b4   0x080024b4   0x00000166   Code   RO         1816    i.HAL_SPI_Transmit  stm32f4xx_hal_spi.o
    0x0800261a   0x0800261a   0x00000028   Code   RO         1405    i.HAL_SYSTICK_Config  stm32f4xx_hal_cortex.o
    0x08002642   0x08002642   0x00000002   Code   RO         2825    i.HAL_TIMEx_BreakCallback  stm32f4xx_hal_tim_ex.o
    0x08002644   0x08002644   0x00000002   Code   RO         2826    i.HAL_TIMEx_CommutCallback  stm32f4xx_hal_tim_ex.o
    0x08002646   0x08002646   0x00000054   Code   RO         2828    i.HAL_TIMEx_ConfigBreakDeadTime  stm32f4xx_hal_tim_ex.o
    0x0800269a   0x0800269a   0x00000002   PAD
    0x0800269c   0x0800269c   0x00000090   Code   RO         2844    i.HAL_TIMEx_MasterConfigSynchronization  stm32f4xx_hal_tim_ex.o
    0x0800272c   0x0800272c   0x0000005a   Code   RO         2121    i.HAL_TIM_Base_Init  stm32f4xx_hal_tim.o
    0x08002786   0x08002786   0x00000002   PAD
    0x08002788   0x08002788   0x00000114   Code   RO          310    i.HAL_TIM_Base_MspInit  tim.o
    0x0800289c   0x0800289c   0x00000078   Code   RO         2124    i.HAL_TIM_Base_Start  stm32f4xx_hal_tim.o
    0x08002914   0x08002914   0x000000dc   Code   RO         2130    i.HAL_TIM_ConfigClockSource  stm32f4xx_hal_tim.o
    0x080029f0   0x080029f0   0x000000a4   Code   RO         2142    i.HAL_TIM_Encoder_Init  stm32f4xx_hal_tim.o
    0x08002a94   0x08002a94   0x00000068   Code   RO          312    i.HAL_TIM_Encoder_MspInit  tim.o
    0x08002afc   0x08002afc   0x0000008e   Code   RO         2145    i.HAL_TIM_Encoder_Start  stm32f4xx_hal_tim.o
    0x08002b8a   0x08002b8a   0x00000002   Code   RO         2151    i.HAL_TIM_ErrorCallback  stm32f4xx_hal_tim.o
    0x08002b8c   0x08002b8c   0x00000002   Code   RO         2155    i.HAL_TIM_IC_CaptureCallback  stm32f4xx_hal_tim.o
    0x08002b8e   0x08002b8e   0x00000130   Code   RO         2169    i.HAL_TIM_IRQHandler  stm32f4xx_hal_tim.o
    0x08002cbe   0x08002cbe   0x00000002   PAD
    0x08002cc0   0x08002cc0   0x00000128   Code   RO          313    i.HAL_TIM_MspPostInit  tim.o
    0x08002de8   0x08002de8   0x00000052   Code   RO         2170    i.HAL_TIM_OC_ConfigChannel  stm32f4xx_hal_tim.o
    0x08002e3a   0x08002e3a   0x00000002   Code   RO         2172    i.HAL_TIM_OC_DelayElapsedCallback  stm32f4xx_hal_tim.o
    0x08002e3c   0x08002e3c   0x0000005a   Code   RO         2174    i.HAL_TIM_OC_Init   stm32f4xx_hal_tim.o
    0x08002e96   0x08002e96   0x00000002   Code   RO         2176    i.HAL_TIM_OC_MspInit  stm32f4xx_hal_tim.o
    0x08002e98   0x08002e98   0x000000cc   Code   RO         2193    i.HAL_TIM_PWM_ConfigChannel  stm32f4xx_hal_tim.o
    0x08002f64   0x08002f64   0x0000005a   Code   RO         2196    i.HAL_TIM_PWM_Init  stm32f4xx_hal_tim.o
    0x08002fbe   0x08002fbe   0x00000002   Code   RO         2198    i.HAL_TIM_PWM_MspInit  stm32f4xx_hal_tim.o
    0x08002fc0   0x08002fc0   0x00000002   Code   RO         2199    i.HAL_TIM_PWM_PulseFinishedCallback  stm32f4xx_hal_tim.o
    0x08002fc2   0x08002fc2   0x00000002   Code   RO         2200    i.HAL_TIM_PWM_PulseFinishedHalfCpltCallback  stm32f4xx_hal_tim.o
    0x08002fc4   0x08002fc4   0x000000c8   Code   RO         2201    i.HAL_TIM_PWM_Start  stm32f4xx_hal_tim.o
    0x0800308c   0x0800308c   0x000001c0   Code   RO         2202    i.HAL_TIM_PWM_Start_DMA  stm32f4xx_hal_tim.o
    0x0800324c   0x0800324c   0x000000cc   Code   RO         2205    i.HAL_TIM_PWM_Stop_DMA  stm32f4xx_hal_tim.o
    0x08003318   0x08003318   0x00000002   Code   RO         2207    i.HAL_TIM_PeriodElapsedCallback  stm32f4xx_hal_tim.o
    0x0800331a   0x0800331a   0x00000002   Code   RO         2212    i.HAL_TIM_TriggerCallback  stm32f4xx_hal_tim.o
    0x0800331c   0x0800331c   0x00000002   Code   RO         3104    i.HAL_UARTEx_RxEventCallback  stm32f4xx_hal_uart.o
    0x0800331e   0x0800331e   0x00000002   PAD
    0x08003320   0x08003320   0x0000001c   Code   RO         4671    i.HAL_UART_ErrorCallback  interrupttask.o
    0x0800333c   0x0800333c   0x00000280   Code   RO         3121    i.HAL_UART_IRQHandler  stm32f4xx_hal_uart.o
    0x080035bc   0x080035bc   0x00000064   Code   RO         3122    i.HAL_UART_Init     stm32f4xx_hal_uart.o
    0x08003620   0x08003620   0x00000104   Code   RO          412    i.HAL_UART_MspInit  usart.o
    0x08003724   0x08003724   0x0000001c   Code   RO         3126    i.HAL_UART_Receive_DMA  stm32f4xx_hal_uart.o
    0x08003740   0x08003740   0x00000002   Code   RO         3128    i.HAL_UART_RxCpltCallback  stm32f4xx_hal_uart.o
    0x08003742   0x08003742   0x00000002   Code   RO         3129    i.HAL_UART_RxHalfCpltCallback  stm32f4xx_hal_uart.o
    0x08003744   0x08003744   0x000000a0   Code   RO         3130    i.HAL_UART_Transmit  stm32f4xx_hal_uart.o
    0x080037e4   0x080037e4   0x00000002   Code   RO         3133    i.HAL_UART_TxCpltCallback  stm32f4xx_hal_uart.o
    0x080037e6   0x080037e6   0x00000002   Code   RO          465    i.HardFault_Handler  stm32f4xx_it.o
    0x080037e8   0x080037e8   0x00000074   Code   RO         4714    i.Hole_Init         keytask.o
    0x0800385c   0x0800385c   0x00000078   Code   RO         4715    i.Hole_LongCallback  keytask.o
    0x080038d4   0x080038d4   0x00000038   Code   RO         4716    i.Hole_ReleaseCallback  keytask.o
    0x0800390c   0x0800390c   0x00000002   Code   RO         4717    i.Hole_ShortCallback  keytask.o
    0x0800390e   0x0800390e   0x00000002   PAD
    0x08003910   0x08003910   0x0000000c   Code   RO         4550    i.HoolleMotorTimeout_callback  ctrltask.o
    0x0800391c   0x0800391c   0x00000060   Code   RO         4672    i.HoolleOutput_IRQ  interrupttask.o
    0x0800397c   0x0800397c   0x00000020   Code   RO         4551    i.Hoolle_Output     ctrltask.o
    0x0800399c   0x0800399c   0x00000024   Code   RO         4198    i.IsRegistered      port_lighteffect.o
    0x080039c0   0x080039c0   0x0000002c   Code   RO         4718    i.KeyAll_Init       keytask.o
    0x080039ec   0x080039ec   0x00000058   Code   RO         4125    i.Key_Init          port_key.o
    0x08003a44   0x08003a44   0x000000c8   Code   RO         4719    i.Key_LongCallback  keytask.o
    0x08003b0c   0x08003b0c   0x00000020   Code   RO         4720    i.Key_ReleaseCallback  keytask.o
    0x08003b2c   0x08003b2c   0x00000144   Code   RO         4126    i.Key_Scan          port_key.o
    0x08003c70   0x08003c70   0x00000060   Code   RO         4721    i.Key_ShortCallback  keytask.o
    0x08003cd0   0x08003cd0   0x00000094   Code   RO         4722    i.Key_Task          keytask.o
    0x08003d64   0x08003d64   0x0000001c   Code   RO         4158    i.LightDerive_Init  port_light.o
    0x08003d80   0x08003d80   0x00000044   Code   RO         4211    i.LightEffect_Unblock_SetColor  port_lighteffect.o
    0x08003dc4   0x08003dc4   0x00000160   Code   RO         4811    i.Light_Init        lighttask.o
    0x08003f24   0x08003f24   0x0000003c   Code   RO         4159    i.Light_SetColor    port_light.o
    0x08003f60   0x08003f60   0x00000070   Code   RO         4812    i.Light_Task        lighttask.o
    0x08003fd0   0x08003fd0   0x0000007e   Code   RO         3631    i.List_AddNode      app_list.o
    0x0800404e   0x0800404e   0x0000000c   Code   RO         3632    i.List_Create       app_list.o
    0x0800405a   0x0800405a   0x00000056   Code   RO         3633    i.List_DeleteNode   app_list.o
    0x080040b0   0x080040b0   0x00000016   Code   RO         3634    i.List_IsExistID    app_list.o
    0x080040c6   0x080040c6   0x00000002   PAD
    0x080040c8   0x080040c8   0x0000004c   Code   RO          201    i.MX_DMA_Init       dma.o
    0x08004114   0x08004114   0x000001b0   Code   RO          177    i.MX_GPIO_Init      gpio.o
    0x080042c4   0x080042c4   0x0000002c   Code   RO          225    i.MX_IWDG_Init      iwdg.o
    0x080042f0   0x080042f0   0x00000044   Code   RO          257    i.MX_SPI1_Init      spi.o
    0x08004334   0x08004334   0x0000004c   Code   RO          258    i.MX_SPI2_Init      spi.o
    0x08004380   0x08004380   0x00000048   Code   RO          259    i.MX_SPI3_Init      spi.o
    0x080043c8   0x080043c8   0x00000068   Code   RO          314    i.MX_TIM10_Init     tim.o
    0x08004430   0x08004430   0x000000d8   Code   RO          315    i.MX_TIM1_Init      tim.o
    0x08004508   0x08004508   0x0000009c   Code   RO          316    i.MX_TIM2_Init      tim.o
    0x080045a4   0x080045a4   0x00000098   Code   RO          317    i.MX_TIM3_Init      tim.o
    0x0800463c   0x0800463c   0x00000070   Code   RO          318    i.MX_TIM4_Init      tim.o
    0x080046ac   0x080046ac   0x000000c4   Code   RO          319    i.MX_TIM5_Init      tim.o
    0x08004770   0x08004770   0x00000048   Code   RO          320    i.MX_TIM7_Init      tim.o
    0x080047b8   0x080047b8   0x00000094   Code   RO          321    i.MX_TIM9_Init      tim.o
    0x0800484c   0x0800484c   0x00000038   Code   RO          413    i.MX_USART1_UART_Init  usart.o
    0x08004884   0x08004884   0x00000038   Code   RO          414    i.MX_USART3_UART_Init  usart.o
    0x080048bc   0x080048bc   0x000000c8   Code   RO         4853    i.MainTask          maintask.o
    0x08004984   0x08004984   0x0000001e   Code   RO         4854    i.MainTaskInit      maintask.o
    0x080049a2   0x080049a2   0x00000002   Code   RO          466    i.MemManage_Handler  stm32f4xx_it.o
    0x080049a4   0x080049a4   0x00000038   Code   RO         4432    i.MesgDeal_Task     communicatetask.o
    0x080049dc   0x080049dc   0x00000128   Code   RO         4894    i.Mesg_Task         mesgtask.o
    0x08004b04   0x08004b04   0x0000003e   Code   RO         3528    i.Motor_LosePower   app_device.o
    0x08004b42   0x08004b42   0x0000008c   Code   RO         3529    i.Motor_SetSpeed    app_device.o
    0x08004bce   0x08004bce   0x00000044   Code   RO         3530    i.Motor_Stop        app_device.o
    0x08004c12   0x08004c12   0x00000002   Code   RO          467    i.NMI_Handler       stm32f4xx_it.o
    0x08004c14   0x08004c14   0x0000000e   Code   RO         4218    i.NormalLight_Init  port_lighteffect.o
    0x08004c22   0x08004c22   0x00000030   Code   RO         4221    i.NormalLight_SetLight  port_lighteffect.o
    0x08004c52   0x08004c52   0x00000002   Code   RO         4552    i.Nothing_callback  ctrltask.o
    0x08004c54   0x08004c54   0x00000002   Code   RO          468    i.PendSV_Handler    stm32f4xx_it.o
    0x08004c56   0x08004c56   0x00000002   PAD
    0x08004c58   0x08004c58   0x00000064   Code   RO         4813    i.PlayingSceneLight  lighttask.o
    0x08004cbc   0x08004cbc   0x00000020   Code   RO         3751    i.RGB_FinishCallback  app_ws2812.o
    0x08004cdc   0x08004cdc   0x00000044   Code   RO         3753    i.RGB_Init          app_ws2812.o
    0x08004d20   0x08004d20   0x000002b6   Code   RO         3754    i.RGB_LocalRefresh  app_ws2812.o
    0x08004fd6   0x08004fd6   0x0000002c   Code   RO         3755    i.RGB_Reset         app_ws2812.o
    0x08005002   0x08005002   0x0000002c   Code   RO         3757    i.RGB_SetMoreColor  app_ws2812.o
    0x0800502e   0x0800502e   0x00000042   Code   RO         3758    i.RGB_SetOneColor   app_ws2812.o
    0x08005070   0x08005070   0x0000003c   Code   RO         3996    i.Refresh           port_digitaltube.o
    0x080050ac   0x080050ac   0x00000088   Code   RO         4222    i.RegisterLight     port_lighteffect.o
    0x08005134   0x08005134   0x00000060   Code   RO         4433    i.Resend_Task       communicatetask.o
    0x08005194   0x08005194   0x0000001c   Code   RO         4633    i.ResumeSetting     flashtask.o
    0x080051b0   0x080051b0   0x0000000e   Code   RO         3676    i.RingBuffer_Clear  app_ringbuf.o
    0x080051be   0x080051be   0x00000008   Code   RO         3677    i.RingBuffer_GetDatalen  app_ringbuf.o
    0x080051c6   0x080051c6   0x0000000a   Code   RO         3678    i.RingBuffer_GetSpace  app_ringbuf.o
    0x080051d0   0x080051d0   0x0000005c   Code   RO         3679    i.RingBuffer_Init   app_ringbuf.o
    0x0800522c   0x0800522c   0x0000000e   Code   RO         3680    i.RingBuffer_IsEmpty  app_ringbuf.o
    0x0800523a   0x0800523a   0x00000012   Code   RO         3681    i.RingBuffer_IsFull  app_ringbuf.o
    0x0800524c   0x0800524c   0x0000006a   Code   RO         3682    i.RingBuffer_Read   app_ringbuf.o
    0x080052b6   0x080052b6   0x00000036   Code   RO         3683    i.RingBuffer_ReadByte  app_ringbuf.o
    0x080052ec   0x080052ec   0x0000006a   Code   RO         3684    i.RingBuffer_Write  app_ringbuf.o
    0x08005356   0x08005356   0x00000032   Code   RO         3685    i.RingBuffer_WriteByte  app_ringbuf.o
    0x08005388   0x08005388   0x0000006c   Code   RO         1846    i.SPI_EndRxTxTransaction  stm32f4xx_hal_spi.o
    0x080053f4   0x080053f4   0x000000bc   Code   RO         1851    i.SPI_WaitFlagStateUntilTimeout  stm32f4xx_hal_spi.o
    0x080054b0   0x080054b0   0x00000002   Code   RO          469    i.SVC_Handler       stm32f4xx_it.o
    0x080054b2   0x080054b2   0x00000012   Code   RO         3759    i.SemaphoreGive     app_ws2812.o
    0x080054c4   0x080054c4   0x00000010   Code   RO         3760    i.SemaphoreTake     app_ws2812.o
    0x080054d4   0x080054d4   0x00000034   Code   RO         3531    i.Servo_SetAngle    app_device.o
    0x08005508   0x08005508   0x00000052   Code   RO         3997    i.Set_Num           port_digitaltube.o
    0x0800555a   0x0800555a   0x00000002   PAD
    0x0800555c   0x0800555c   0x00000070   Code   RO         4723    i.Switch_Init       keytask.o
    0x080055cc   0x080055cc   0x00000002   Code   RO         4724    i.Switch_ReleaseCallback  keytask.o
    0x080055ce   0x080055ce   0x00000004   Code   RO         3532    i.Switch_SetState   app_device.o
    0x080055d2   0x080055d2   0x00000002   PAD
    0x080055d4   0x080055d4   0x00000024   Code   RO         4725    i.Switch_ShortCallback  keytask.o
    0x080055f8   0x080055f8   0x00000004   Code   RO          470    i.SysTick_Handler   stm32f4xx_it.o
    0x080055fc   0x080055fc   0x0000009c   Code   RO           14    i.SystemClock_Config  main.o
    0x08005698   0x08005698   0x00000010   Code   RO         3456    i.SystemInit        system_stm32f4xx.o
    0x080056a8   0x080056a8   0x0000000c   Code   RO          471    i.TIM3_IRQHandler   stm32f4xx_it.o
    0x080056b4   0x080056b4   0x000000d0   Code   RO         2214    i.TIM_Base_SetConfig  stm32f4xx_hal_tim.o
    0x08005784   0x08005784   0x0000001a   Code   RO         2215    i.TIM_CCxChannelCmd  stm32f4xx_hal_tim.o
    0x0800579e   0x0800579e   0x0000005e   Code   RO         2218    i.TIM_DMADelayPulseCplt  stm32f4xx_hal_tim.o
    0x080057fc   0x080057fc   0x00000038   Code   RO         2219    i.TIM_DMADelayPulseHalfCplt  stm32f4xx_hal_tim.o
    0x08005834   0x08005834   0x00000054   Code   RO         2220    i.TIM_DMAError      stm32f4xx_hal_tim.o
    0x08005888   0x08005888   0x00000014   Code   RO         2225    i.TIM_ETR_SetConfig  stm32f4xx_hal_tim.o
    0x0800589c   0x0800589c   0x00000010   Code   RO         2226    i.TIM_ITRx_SetConfig  stm32f4xx_hal_tim.o
    0x080058ac   0x080058ac   0x00000060   Code   RO         2227    i.TIM_OC1_SetConfig  stm32f4xx_hal_tim.o
    0x0800590c   0x0800590c   0x0000006c   Code   RO         2228    i.TIM_OC2_SetConfig  stm32f4xx_hal_tim.o
    0x08005978   0x08005978   0x00000068   Code   RO         2229    i.TIM_OC3_SetConfig  stm32f4xx_hal_tim.o
    0x080059e0   0x080059e0   0x00000050   Code   RO         2230    i.TIM_OC4_SetConfig  stm32f4xx_hal_tim.o
    0x08005a30   0x08005a30   0x00000022   Code   RO         2232    i.TIM_TI1_ConfigInputStage  stm32f4xx_hal_tim.o
    0x08005a52   0x08005a52   0x00000024   Code   RO         2234    i.TIM_TI2_ConfigInputStage  stm32f4xx_hal_tim.o
    0x08005a76   0x08005a76   0x0000000e   Code   RO         3135    i.UART_DMAAbortOnError  stm32f4xx_hal_uart.o
    0x08005a84   0x08005a84   0x0000004a   Code   RO         3136    i.UART_DMAError     stm32f4xx_hal_uart.o
    0x08005ace   0x08005ace   0x00000086   Code   RO         3137    i.UART_DMAReceiveCplt  stm32f4xx_hal_uart.o
    0x08005b54   0x08005b54   0x0000001e   Code   RO         3139    i.UART_DMARxHalfCplt  stm32f4xx_hal_uart.o
    0x08005b72   0x08005b72   0x0000004e   Code   RO         3145    i.UART_EndRxTransfer  stm32f4xx_hal_uart.o
    0x08005bc0   0x08005bc0   0x0000001c   Code   RO         3146    i.UART_EndTxTransfer  stm32f4xx_hal_uart.o
    0x08005bdc   0x08005bdc   0x000000c2   Code   RO         3147    i.UART_Receive_IT   stm32f4xx_hal_uart.o
    0x08005c9e   0x08005c9e   0x00000002   PAD
    0x08005ca0   0x08005ca0   0x0000010c   Code   RO         3148    i.UART_SetConfig    stm32f4xx_hal_uart.o
    0x08005dac   0x08005dac   0x000000a0   Code   RO         3149    i.UART_Start_Receive_DMA  stm32f4xx_hal_uart.o
    0x08005e4c   0x08005e4c   0x00000072   Code   RO         3151    i.UART_WaitOnFlagUntilTimeout  stm32f4xx_hal_uart.o
    0x08005ebe   0x08005ebe   0x00000002   PAD
    0x08005ec0   0x08005ec0   0x00000254   Code   RO         4434    i.USART1_Deal       communicatetask.o
    0x08006114   0x08006114   0x0000000c   Code   RO          472    i.USART1_IRQHandler  stm32f4xx_it.o
    0x08006120   0x08006120   0x0000005c   Code   RO         4435    i.USART1_Unpack     communicatetask.o
    0x0800617c   0x0800617c   0x0000000c   Code   RO          473    i.USART3_IRQHandler  stm32f4xx_it.o
    0x08006188   0x08006188   0x00000080   Code   RO         4436    i.USART_ReSendMesg  communicatetask.o
    0x08006208   0x08006208   0x0000006c   Code   RO         4437    i.USART_RequestMesg  communicatetask.o
    0x08006274   0x08006274   0x00000098   Code   RO         4438    i.USART_SendMesg    communicatetask.o
    0x0800630c   0x0800630c   0x00000040   Code   RO         4439    i.USART_SendMesg_FillData  communicatetask.o
    0x0800634c   0x0800634c   0x00000026   Code   RO         4440    i.USART_SendMesg_FillData_withResend  communicatetask.o
    0x08006372   0x08006372   0x0000001c   Code   RO         4441    i.USART_SendMesg_withResend  communicatetask.o
    0x0800638e   0x0800638e   0x00000002   Code   RO          474    i.UsageFault_Handler  stm32f4xx_it.o
    0x08006390   0x08006390   0x00000060   Code   RO         4554    i.ValveTimeout_callback  ctrltask.o
    0x080063f0   0x080063f0   0x00000020   Code   RO         1407    i.__NVIC_SetPriority  stm32f4xx_hal_cortex.o
    0x08006410   0x08006410   0x0000005e   Code   RO           15    i.main              main.o
    0x0800646e   0x0800646e   0x0000000a   Code   RO         5056    x$fpl$fpinit        fz_wm.l(fpinit.o)
    0x08006478   0x08006478   0x00000008   Data   RO         1121    .constdata          stm32f4xx_hal_dma.o
    0x08006480   0x08006480   0x00000010   Data   RO         3457    .constdata          system_stm32f4xx.o
    0x08006490   0x08006490   0x00000008   Data   RO         3458    .constdata          system_stm32f4xx.o
    0x08006498   0x08006498   0x0000000a   Data   RO         3999    .constdata          port_digitaltube.o
    0x080064a2   0x080064a2   0x00000002   PAD
    0x080064a4   0x080064a4   0x00000054   Data   RO         4727    .constdata          keytask.o
    0x080064f8   0x080064f8   0x00000020   Data   RO         5150    Region$$Table       anon$$obj.o


    Execution Region RW_IRAM1 (Exec base: 0x20000000, Load base: 0x08006518, Size: 0x00005180, Max: 0x0001c000, ABSOLUTE, COMPRESSED[0x00000094])

    Exec Addr    Load Addr    Size         Type   Attr      Idx    E Section Name        Object

    0x20000000   COMPRESSED   0x00000020   Data   RW          820    .data               stm32f4xx_hal_flash.o
    0x20000020   COMPRESSED   0x0000000c   Data   RW         1566    .data               stm32f4xx_hal.o
    0x2000002c   COMPRESSED   0x00000004   Data   RW         3459    .data               system_stm32f4xx.o
    0x20000030   COMPRESSED   0x0000001e   Data   RW         3761    .data               app_ws2812.o
    0x2000004e   COMPRESSED   0x00000004   Data   RW         3850    .data               port_communicate.o
    0x20000052   COMPRESSED   0x00000002   PAD
    0x20000054   COMPRESSED   0x00000010   Data   RW         4227    .data               port_lighteffect.o
    0x20000064   COMPRESSED   0x00000001   Data   RW         4443    .data               communicatetask.o
    0x20000065   COMPRESSED   0x00000003   PAD
    0x20000068   COMPRESSED   0x0000000c   Data   RW         4556    .data               ctrltask.o
    0x20000074   COMPRESSED   0x0000008c   Data   RW         4728    .data               keytask.o
    0x20000100   COMPRESSED   0x0000001c   Data   RW         4815    .data               lighttask.o
    0x2000011c   COMPRESSED   0x00000010   Data   RW         4816    .data               lighttask.o
    0x2000012c   COMPRESSED   0x0000001a   Data   RW         4856    .data               maintask.o
    0x20000146   COMPRESSED   0x00000001   Data   RW         4857    .data               maintask.o
    0x20000147   COMPRESSED   0x00000001   PAD
    0x20000148   COMPRESSED   0x00000004   Data   RW         4858    .data               maintask.o
    0x2000014c   COMPRESSED   0x00000034   Data   RW         4896    .data               mesgtask.o
    0x20000180        -       0x0000000c   Zero   RW          226    .bss                iwdg.o
    0x2000018c        -       0x00000108   Zero   RW          260    .bss                spi.o
    0x20000294        -       0x000002a0   Zero   RW          322    .bss                tim.o
    0x20000534        -       0x000000f0   Zero   RW          415    .bss                usart.o
    0x20000624        -       0x00000030   Zero   RW         4224    .bss                port_lighteffect.o
    0x20000654        -       0x00000030   Zero   RW         4225    .bss                port_lighteffect.o
    0x20000684        -       0x00000030   Zero   RW         4226    .bss                port_lighteffect.o
    0x200006b4        -       0x00001a24   Zero   RW         4442    .bss                communicatetask.o
    0x200020d8        -       0x000000b4   Zero   RW         4555    .bss                ctrltask.o
    0x2000218c        -       0x0000002c   Zero   RW         4634    .bss                flashtask.o
    0x200021b8        -       0x00000680   Zero   RW         4726    .bss                keytask.o
    0x20002838        -       0x000008c0   Zero   RW         4814    .bss                lighttask.o
    0x200030f8        -       0x00000028   Zero   RW         4855    .bss                maintask.o
    0x20003120        -       0x00000060   Zero   RW         5079    .bss                c_w.l(libspace.o)
    0x20003180        -       0x00001000   Zero   RW            2    HEAP                startup_stm32f407xx.o
    0x20004180        -       0x00001000   Zero   RW            1    STACK               startup_stm32f407xx.o


    Execution Region RW_IRAM2 (Exec base: 0x2001c000, Load base: 0x080065ac, Size: 0x00000000, Max: 0x00004000, ABSOLUTE)

    **** No section assigned to this execution region ****


==============================================================================

Image component sizes


      Code (inc. data)   RO Data    RW Data    ZI Data      Debug   Object Name

        52          0          0          0          0       1046   app_crc.o
       326          0          0          0          0       3799   app_device.o
       380         48          0          0          0       4037   app_flash.o
       246          0          0          0          0       4076   app_list.o
       472         38          0          0          0       7433   app_ringbuf.o
       982          0          0         30          0       7589   app_ws2812.o
      1534        130          0          1       6692      13011   communicatetask.o
       806         84          0         12        180       7855   ctrltask.o
        76          4          0          0          0        806   dma.o
       152         26          0          0         44       2144   flashtask.o
       432         26          0          0          0       1143   gpio.o
       184         30          0          0          0       2706   interrupttask.o
        44          8          0          0         12        711   iwdg.o
      1256        206         84        140       1664       9541   keytask.o
       564         84          0         44       2240       3159   lighttask.o
       254          8          0          0          0     709536   main.o
       482         44          0         31         40       3047   maintask.o
       296         24          0         52          0       3894   mesgtask.o
       354         18          0          4          0       4341   port_communicate.o
       442         56          0          0          0      10621   port_device.o
       190         10         10          0          0       3972   port_digitaltube.o
        30          0          0          0          0       2348   port_event.o
       100         14          0          0          0       3093   port_flash.o
       412          0          0          0          0       3414   port_key.o
        88          6          0          0          0       1595   port_light.o
       466          4          0         16        144       6700   port_lighteffect.o
       460         54          0          0        264       3039   spi.o
        64         26        392          0       8192        836   startup_stm32f407xx.o
       180         28          0         12          0       9357   stm32f4xx_hal.o
       198         14          0          0          0      33775   stm32f4xx_hal_cortex.o
      1084         16          8          0          0       7286   stm32f4xx_hal_dma.o
       520         66          0         32          0       6522   stm32f4xx_hal_flash.o
       356         24          0          0          0       3962   stm32f4xx_hal_flash_ex.o
       556         52          0          0          0       4075   stm32f4xx_hal_gpio.o
       106          0          0          0          0       1883   stm32f4xx_hal_iwdg.o
        48          6          0          0          0        846   stm32f4xx_hal_msp.o
      1352         76          0          0          0       5220   stm32f4xx_hal_rcc.o
       842         16          0          0          0       4550   stm32f4xx_hal_spi.o
      3338        188          0          0          0      26882   stm32f4xx_hal_tim.o
       232         28          0          0          0       3269   stm32f4xx_hal_tim_ex.o
      2030         28          0          0          0      14661   stm32f4xx_hal_uart.o
       108         32          0          0          0       9959   stm32f4xx_it.o
        16          4         24          4          0       1103   system_stm32f4xx.o
      1832        160          0          0        672       8533   tim.o
       372         46          0          0        240       2466   usart.o

    ----------------------------------------------------------------------
     24352       1732        552        384      20384     969841   Object Totals
         0          0         32          0          0          0   (incl. Generated)
        38          0          2          6          0          0   (incl. Padding)

    ----------------------------------------------------------------------

      Code (inc. data)   RO Data    RW Data    ZI Data      Debug   Library Member Name

        90          0          0          0          0          0   __dczerorl2.o
         8          0          0          0          0         68   __main.o
         0          0          0          0          0          0   __rtentry.o
        12          0          0          0          0          0   __rtentry2.o
         6          0          0          0          0          0   __rtentry4.o
        52          8          0          0          0          0   __scatter.o
        28          0          0          0          0          0   __scatter_zi.o
        18          0          0          0          0         80   exit.o
         6          0          0          0          0        152   heapauxi.o
         0          0          0          0          0          0   indicate_semi.o
         2          0          0          0          0          0   libinit.o
         6          0          0          0          0          0   libinit2.o
         2          0          0          0          0          0   libshutdown.o
         2          0          0          0          0          0   libshutdown2.o
         8          4          0          0         96         68   libspace.o
       238          0          0          0          0        100   lludivv7m.o
        68          0          0          0          0         68   rt_memclr.o
        78          0          0          0          0         80   rt_memclr_w.o
       138          0          0          0          0         68   rt_memcpy_v6.o
       100          0          0          0          0         80   rt_memcpy_w.o
         2          0          0          0          0          0   rtexit.o
        10          0          0          0          0          0   rtexit2.o
        12          4          0          0          0         68   sys_exit.o
        74          0          0          0          0         80   sys_stackheap_outer.o
         2          0          0          0          0         68   use_no_semi.o
        10          0          0          0          0        116   fpinit.o

    ----------------------------------------------------------------------
       976         16          0          0         96       1096   Library Totals
         4          0          0          0          0          0   (incl. Padding)

    ----------------------------------------------------------------------

      Code (inc. data)   RO Data    RW Data    ZI Data      Debug   Library Name

       962         16          0          0         96        980   c_w.l
        10          0          0          0          0        116   fz_wm.l

    ----------------------------------------------------------------------
       976         16          0          0         96       1096   Library Totals

    ----------------------------------------------------------------------

==============================================================================


      Code (inc. data)   RO Data    RW Data    ZI Data      Debug   

     25328       1748        552        384      20480     944221   Grand Totals
     25328       1748        552        148      20480     944221   ELF Image Totals (compressed)
     25328       1748        552        148          0          0   ROM Totals

==============================================================================

    Total RO  Size (Code + RO Data)                25880 (  25.27kB)
    Total RW  Size (RW Data + ZI Data)             20864 (  20.38kB)
    Total ROM Size (Code + RO Data + RW Data)      26028 (  25.42kB)

==============================================================================

